Archive member included to satisfy reference by file (symbol)

../../libDaisy//build\libdaisy.a(daisy_seed.o)
                              build/digiBassPreamp.o (daisy::DaisySeed::StartAudio(void (*)(float const* const*, float**, unsigned int)))
../../libDaisy//build\libdaisy.a(codec_ak4556.o)
                              ../../libDaisy//build\libdaisy.a(daisy_seed.o) (daisy::Ak4556::Init(dsy_gpio_pin))
../../libDaisy//build\libdaisy.a(codec_wm8731.o)
                              ../../libDaisy//build\libdaisy.a(daisy_seed.o) (daisy::Wm8731::Init(daisy::Wm8731::Config const&, daisy::I2CHandle))
../../libDaisy//build\libdaisy.a(sdram.o)
                              ../../libDaisy//build\libdaisy.a(daisy_seed.o) (SdramHandle::Init())
../../libDaisy//build\libdaisy.a(audio.o)
                              ../../libDaisy//build\libdaisy.a(daisy_seed.o) (daisy::AudioHandle::Init(daisy::AudioHandle::Config const&, daisy::SaiHandle))
../../libDaisy//build\libdaisy.a(logger.o)
                              build/digiBassPreamp.o (daisy::Logger<(daisy::LoggerDestination)1>::PrintLine(char const*, ...))
../../libDaisy//build\libdaisy.a(usb.o)
                              ../../libDaisy//build\libdaisy.a(logger.o) (daisy::UsbHandle::Init(daisy::UsbHandle::UsbPeriph))
../../libDaisy//build\libdaisy.a(adc.o)
                              build/digiBassPreamp.o (daisy::AdcChannelConfig::InitSingle(dsy_gpio_pin, daisy::AdcChannelConfig::ConversionSpeed))
../../libDaisy//build\libdaisy.a(gpio.o)
                              ../../libDaisy//build\libdaisy.a(daisy_seed.o) (daisy::GPIO::Init(daisy::Pin, daisy::GPIO::Mode, daisy::GPIO::Pull, daisy::GPIO::Speed))
../../libDaisy//build\libdaisy.a(i2c.o)
                              ../../libDaisy//build\libdaisy.a(daisy_seed.o) (daisy::I2CHandle::Init(daisy::I2CHandle::Config const&))
../../libDaisy//build\libdaisy.a(qspi.o)
                              ../../libDaisy//build\libdaisy.a(daisy_seed.o) (daisy::QSPIHandle::Init(daisy::QSPIHandle::Config const&))
../../libDaisy//build\libdaisy.a(sai.o)
                              ../../libDaisy//build\libdaisy.a(daisy_seed.o) (daisy::SaiHandle::Init(daisy::SaiHandle::Config const&))
../../libDaisy//build\libdaisy.a(system.o)
                              ../../libDaisy//build\libdaisy.a(daisy_seed.o) (daisy::System::DeInit())
../../libDaisy//build\libdaisy.a(system_stm32h7xx.o)
                              build/startup_stm32h750xx.o (SystemInit)
../../libDaisy//build\libdaisy.a(usbd_cdc_if.o)
                              ../../libDaisy//build\libdaisy.a(usb.o) (CDC_Transmit_FS)
../../libDaisy//build\libdaisy.a(usbd_conf.o)
                              ../../libDaisy//build\libdaisy.a(system.o) (hpcd_USB_OTG_HS)
../../libDaisy//build\libdaisy.a(usbd_desc.o)
                              ../../libDaisy//build\libdaisy.a(usb.o) (HS_Desc)
../../libDaisy//build\libdaisy.a(usbh_conf.o)
                              ../../libDaisy//build\libdaisy.a(system.o) (hhcd_USB_OTG_HS)
../../libDaisy//build\libdaisy.a(hal_map.o)
                              ../../libDaisy//build\libdaisy.a(gpio.o) (dsy_hal_map_get_port)
../../libDaisy//build\libdaisy.a(stm32h7xx_hal.o)
                              ../../libDaisy//build\libdaisy.a(system.o) (HAL_Init)
../../libDaisy//build\libdaisy.a(stm32h7xx_hal_adc.o)
                              ../../libDaisy//build\libdaisy.a(adc.o) (HAL_ADC_ConfigChannel)
../../libDaisy//build\libdaisy.a(stm32h7xx_hal_adc_ex.o)
                              ../../libDaisy//build\libdaisy.a(adc.o) (HAL_ADCEx_Calibration_Start)
../../libDaisy//build\libdaisy.a(stm32h7xx_hal_cortex.o)
                              ../../libDaisy//build\libdaisy.a(stm32h7xx_hal.o) (HAL_NVIC_SetPriorityGrouping)
../../libDaisy//build\libdaisy.a(stm32h7xx_hal_dma.o)
                              ../../libDaisy//build\libdaisy.a(adc.o) (HAL_DMA_Init)
../../libDaisy//build\libdaisy.a(stm32h7xx_hal_gpio.o)
                              ../../libDaisy//build\libdaisy.a(sdram.o) (HAL_GPIO_Init)
../../libDaisy//build\libdaisy.a(stm32h7xx_hal_hcd.o)
                              ../../libDaisy//build\libdaisy.a(usbh_conf.o) (HAL_HCD_HC_Init)
../../libDaisy//build\libdaisy.a(stm32h7xx_hal_i2c.o)
                              ../../libDaisy//build\libdaisy.a(i2c.o) (HAL_I2C_Init)
../../libDaisy//build\libdaisy.a(stm32h7xx_hal_i2c_ex.o)
                              ../../libDaisy//build\libdaisy.a(i2c.o) (HAL_I2CEx_ConfigAnalogFilter)
../../libDaisy//build\libdaisy.a(stm32h7xx_hal_pcd.o)
                              ../../libDaisy//build\libdaisy.a(usbd_conf.o) (HAL_PCD_Init)
../../libDaisy//build\libdaisy.a(stm32h7xx_hal_pcd_ex.o)
                              ../../libDaisy//build\libdaisy.a(usbd_conf.o) (HAL_PCDEx_SetTxFiFo)
../../libDaisy//build\libdaisy.a(stm32h7xx_hal_pwr_ex.o)
[...]
Memory Configuration

Name             Origin             Length             Attributes
FLASH            0x08000000         0x00020000         xr
DTCMRAM          0x20000000         0x00020000         xrw
SRAM             0x24000000         0x00080000         xrw
RAM_D2           0x30000000         0x00048000         xrw
RAM_D3           0x38000000         0x00010000         xrw
BACKUP_SRAM      0x38800000         0x00001000         xrw
ITCMRAM          0x00000000         0x00010000         xrw
SDRAM            0xc0000000         0x04000000         xrw
QSPIFLASH        0x90000000         0x00800000         xr
*default*        0x00000000         0xffffffff

Linker script and memory map

LOAD c:/program files/daisytoolchain/bin/../lib/gcc/arm-none-eabi/10.2.1/thumb/v7e-m+dp/hard/crti.o
LOAD c:/program files/daisytoolchain/bin/../lib/gcc/arm-none-eabi/10.2.1/thumb/v7e-m+dp/hard/crtbegin.o
LOAD c:/program files/daisytoolchain/bin/../lib/gcc/arm-none-eabi/10.2.1/../../../../arm-none-eabi/lib/thumb/v7e-m+dp/hard/crt0.o
LOAD build/startup_stm32h750xx.o
LOAD build/digiBassPreamp.o
LOAD ../../libDaisy//build\libdaisy.a
LOAD c:/program files/daisytoolchain/bin/../lib/gcc/arm-none-eabi/10.2.1/../../../../arm-none-eabi/lib/thumb/v7e-m+dp/hard\libnosys.a
LOAD ../../DaisySP//build\libdaisysp.a
LOAD c:/program files/daisytoolchain/bin/../lib/gcc/arm-none-eabi/10.2.1/../../../../arm-none-eabi/lib/thumb/v7e-m+dp/hard\libstdc++_nano.a
LOAD c:/program files/daisytoolchain/bin/../lib/gcc/arm-none-eabi/10.2.1/../../../../arm-none-eabi/lib/thumb/v7e-m+dp/hard\libm.a
LOAD c:/program files/daisytoolchain/bin/../lib/gcc/arm-none-eabi/10.2.1/../../../../arm-none-eabi/lib/thumb/v7e-m+dp/hard\libc_nano.a
START GROUP
LOAD c:/program files/daisytoolchain/bin/../lib/gcc/arm-none-eabi/10.2.1/thumb/v7e-m+dp/hard\libgcc.a
LOAD c:/program files/daisytoolchain/bin/../lib/gcc/arm-none-eabi/10.2.1/../../../../arm-none-eabi/lib/thumb/v7e-m+dp/hard\libc_nano.a
END GROUP
START GROUP
LOAD c:/program files/daisytoolchain/bin/../lib/gcc/arm-none-eabi/10.2.1/thumb/v7e-m+dp/hard\libgcc.a
LOAD c:/program files/daisytoolchain/bin/../lib/gcc/arm-none-eabi/10.2.1/../../../../arm-none-eabi/lib/thumb/v7e-m+dp/hard\libc_nano.a
LOAD c:/program files/daisytoolchain/bin/../lib/gcc/arm-none-eabi/10.2.1/../../../../arm-none-eabi/lib/thumb/v7e-m+dp/hard\libnosys.a
END GROUP
START GROUP
LOAD c:/program files/daisytoolchain/bin/../lib/gcc/arm-none-eabi/10.2.1/thumb/v7e-m+dp/hard\libgcc.a
LOAD c:/program files/daisytoolchain/bin/../lib/gcc/arm-none-eabi/10.2.1/../../../../arm-none-eabi/lib/thumb/v7e-m+dp/hard\libc_nano.a
LOAD c:/program files/daisytoolchain/bin/../lib/gcc/arm-none-eabi/10.2.1/../../../../arm-none-eabi/lib/thumb/v7e-m+dp/hard\libnosys.a
END GROUP
LOAD c:/program files/daisytoolchain/bin/../lib/gcc/arm-none-eabi/10.2.1/thumb/v7e-m+dp/hard/crtend.o
LOAD c:/program files/daisytoolchain/bin/../lib/gcc/arm-none-eabi/10.2.1/thumb/v7e-m+dp/hard/crtn.o
                0x20020000                _estack = 0x20020000

.isr_vector     0x08000000      0x298
                0x08000000                . = ALIGN (0x4)
 *(.isr_vector)
 .isr_vector    0x08000000      0x298 build/startup_stm32h750xx.o
                0x08000000                g_pfnVectors
                0x08000298                . = ALIGN (0x4)

.text           0x080002a0    0x148c0
                0x080002a0                . = ALIGN (0x4)
                0x080002a0                _stext = .
 *(.text)
 .text          0x080002a0       0x40 c:/program files/daisytoolchain/bin/../lib/gcc/arm-none-eabi/10.2.1/thumb/v7e-m+dp/hard/crtbegin.o
 .text          0x080002e0       0xa0 c:/program files/daisytoolchain/bin/../lib/gcc/arm-none-eabi/10.2.1/../../../../arm-none-eabi/lib/thumb/v7e-m+dp/hard\libc_nano.a(lib_a-memchr.o)
                0x080002e0                memchr
 .text          0x08000380      0x378 c:/program files/daisytoolchain/bin/../lib/gcc/arm-none-eabi/10.2.1/thumb/v7e-m+dp/hard\libgcc.a(_arm_addsubdf3.o)
                0x08000380                __aeabi_drsub
                0x08000388                __aeabi_dsub
                0x08000388                __subdf3
                0x0800038c                __aeabi_dadd
                0x0800038c                __adddf3
                0x08000604                __floatunsidf
                0x08000604                __aeabi_ui2d
                0x08000624                __floatsidf
                0x08000624                __aeabi_i2d
                0x08000648                __aeabi_f2d
                0x08000648                __extendsfdf2
                0x0800068c                __floatundidf
                0x0800068c                __aeabi_ul2d
                0x0800069c                __floatdidf
                0x0800069c                __aeabi_l2d
 .text          0x080006f8       0x30 c:/program files/daisytoolchain/bin/../lib/gcc/arm-none-eabi/10.2.1/thumb/v7e-m+dp/hard\libgcc.a(_aeabi_uldivmod.o)
                0x080006f8                __aeabi_uldivmod
 .text          0x08000728      0x2d0 c:/program files/daisytoolchain/bin/../lib/gcc/arm-none-eabi/10.2.1/thumb/v7e-m+dp/hard\libgcc.a(_udivmoddi4.o)
                0x08000728                __udivmoddi4
 .text          0x080009f8        0x4 c:/program files/daisytoolchain/bin/../lib/gcc/arm-none-eabi/10.2.1/thumb/v7e-m+dp/hard\libgcc.a(_dvmd_tls.o)
                0x080009f8                __aeabi_idiv0
                0x080009f8                __aeabi_ldiv0
 *(.text*)
 .text.Default_Handler
                0x080009fc        0x4 build/startup_stm32h750xx.o
                0x080009fc                RTC_Alarm_IRQHandler
                0x080009fc                HASH_RNG_IRQHandler
                0x080009fc                EXTI2_IRQHandler
                0x080009fc                TIM8_CC_IRQHandler
                0x080009fc                HRTIM1_Master_IRQHandler
                0x080009fc                DebugMon_Handler
                0x080009fc                TIM1_CC_IRQHandler
                0x080009fc                BDMA_Channel6_IRQHandler
                0x080009fc                DMA2_Stream5_IRQHandler
                0x080009fc                HRTIM1_FLT_IRQHandler
                0x080009fc                JPEG_IRQHandler
                0x080009fc                BDMA_Channel1_IRQHandler
                0x080009fc                HRTIM1_TIMD_IRQHandler
                0x080009fc                TAMP_STAMP_IRQHandler
                0x080009fc                PendSV_Handler
                0x080009fc                NMI_Handler
                0x080009fc                EXTI3_IRQHandler
                0x080009fc                LPTIM4_IRQHandler
                0x080009fc                TIM8_TRG_COM_TIM14_IRQHandler
                0x080009fc                LPTIM2_IRQHandler
                0x080009fc                DFSDM1_FLT1_IRQHandler
                0x080009fc                DMAMUX2_OVR_IRQHandler
                0x080009fc                TIM8_UP_TIM13_IRQHandler
                0x080009fc                I2C3_ER_IRQHandler
                0x080009fc                DFSDM1_FLT2_IRQHandler
                0x080009fc                MDMA_IRQHandler
                0x080009fc                LPTIM3_IRQHandler
                0x080009fc                HSEM1_IRQHandler
                0x080009fc                EXTI0_IRQHandler
                0x080009fc                FPU_IRQHandler
                0x080009fc                OTG_HS_WKUP_IRQHandler
                0x080009fc                FDCAN1_IT1_IRQHandler
                0x080009fc                UsageFault_Handler
                0x080009fc                LTDC_ER_IRQHandler
                0x080009fc                HRTIM1_TIME_IRQHandler
                0x080009fc                TIM6_DAC_IRQHandler
                0x080009fc                DCMI_IRQHandler
                0x080009fc                HRTIM1_TIMC_IRQHandler
                0x080009fc                SAI2_IRQHandler
                0x080009fc                DFSDM1_FLT3_IRQHandler
                0x080009fc                TIM17_IRQHandler
                0x080009fc                CRYP_IRQHandler
                0x080009fc                BDMA_Channel7_IRQHandler
                0x080009fc                LPTIM5_IRQHandler
                0x080009fc                ADC3_IRQHandler
                0x080009fc                DMA2_Stream0_IRQHandler
                0x080009fc                BDMA_Channel2_IRQHandler
                0x080009fc                DMAMUX1_OVR_IRQHandler
                0x080009fc                TIM16_IRQHandler
                0x080009fc                BDMA_Channel5_IRQHandler
                0x080009fc                RCC_IRQHandler
                0x080009fc                TIM8_BRK_TIM12_IRQHandler
                0x080009fc                TIM1_TRG_COM_IRQHandler
                0x080009fc                Default_Handler
                0x080009fc                ECC_IRQHandler
                0x080009fc                CEC_IRQHandler
                0x080009fc                EXTI15_10_IRQHandler
                0x080009fc                BDMA_Channel0_IRQHandler
                0x080009fc                ADC_IRQHandler
                0x080009fc                DMA1_Stream7_IRQHandler
                0x080009fc                HRTIM1_TIMA_IRQHandler
                0x080009fc                TIM7_IRQHandler
                0x080009fc                SDMMC1_IRQHandler
                0x080009fc                DMA2_Stream7_IRQHandler
                0x080009fc                TIM15_IRQHandler
                0x080009fc                PVD_AVD_IRQHandler
                0x080009fc                EXTI9_5_IRQHandler
                0x080009fc                RTC_WKUP_IRQHandler
                0x080009fc                LTDC_IRQHandler
                0x080009fc                SAI3_IRQHandler
                0x080009fc                ETH_WKUP_IRQHandler
                0x080009fc                SPDIF_RX_IRQHandler
                0x080009fc                MemManage_Handler
                0x080009fc                SVC_Handler
                0x080009fc                CRS_IRQHandler
                0x080009fc                EXTI4_IRQHandler
                0x080009fc                HRTIM1_TIMB_IRQHandler
                0x080009fc                FDCAN2_IT1_IRQHandler
                0x080009fc                ETH_IRQHandler
                0x080009fc                TIM1_UP_IRQHandler
                0x080009fc                BDMA_Channel4_IRQHandler
                0x080009fc                WWDG_IRQHandler
                0x080009fc                SPI6_IRQHandler
                0x080009fc                I2C4_EV_IRQHandler
                0x080009fc                MDIOS_IRQHandler
                0x080009fc                FDCAN2_IT0_IRQHandler
                0x080009fc                FDCAN1_IT0_IRQHandler
                0x080009fc                OTG_FS_WKUP_IRQHandler
                0x080009fc                DMA2D_IRQHandler
                0x080009fc                TIM1_BRK_IRQHandler
                0x080009fc                EXTI1_IRQHandler
                0x080009fc                SDMMC2_IRQHandler
                0x080009fc                BDMA_Channel3_IRQHandler
                0x080009fc                MDIOS_WKUP_IRQHandler
                0x080009fc                DFSDM1_FLT0_IRQHandler
                0x080009fc                SAI4_IRQHandler
                0x080009fc                I2C2_ER_IRQHandler
                0x080009fc                DMA2_Stream1_IRQHandler
                0x080009fc                FLASH_IRQHandler
                0x080009fc                BusFault_Handler
                0x080009fc                WAKEUP_PIN_IRQHandler
                0x080009fc                I2C1_ER_IRQHandler
                0x080009fc                FMC_IRQHandler
                0x080009fc                FDCAN_CAL_IRQHandler
                0x080009fc                SWPMI1_IRQHandler
                0x080009fc                COMP1_IRQHandler
                0x080009fc                LPTIM1_IRQHandler
                0x080009fc                I2C4_ER_IRQHandler
                0x080009fc                DMA2_Stream6_IRQHandler
                0x080009fc                SAI1_IRQHandler
 .text.Reset_Handler
                0x08000a00       0x44 build/startup_stm32h750xx.o
                0x08000a00                Reset_Handler
 .text._ZN5daisy9DaisySeedD2Ev
                0x08000a44        0x4 build/digiBassPreamp.o
                0x08000a44                daisy::DaisySeed::~DaisySeed()
                0x08000a44                daisy::DaisySeed::~DaisySeed()
 .text._Z13AudioCallbackPKPKfPPfj
                0x08000a48       0xe0 build/digiBassPreamp.o
                0x08000a48                AudioCallback(float const* const*, float**, unsigned int)
 .text.startup.main
                0x08000b28      0x68c build/digiBassPreamp.o
                0x08000b28                main
 .text.startup._GLOBAL__sub_I_hw
                0x080011b4       0x58 build/digiBassPreamp.o
 .text._ZN5daisy9DaisySeed10StartAudioEPFvPKPKfPPfjE
                0x0800120c        0x8 ../../libDaisy//build\libdaisy.a(daisy_seed.o)
                0x0800120c                daisy::DaisySeed::StartAudio(void (*)(float const* const*, float**, unsigned int))
 .text._ZN5daisy9DaisySeed15AudioSampleRateEv
                0x08001214        0x8 ../../libDaisy//build\libdaisy.a(daisy_seed.o)
                0x08001214                daisy::DaisySeed::AudioSampleRate()
 .text._ZN5daisy9DaisySeed17CheckBoardVersionEv
                0x0800121c       0x6c ../../libDaisy//build\libdaisy.a(daisy_seed.o)
                0x0800121c                daisy::DaisySeed::CheckBoardVersion()
 .text._ZN5daisy9DaisySeed14ConfigureAudioEv
                0x08001288      0x10c ../../libDaisy//build\libdaisy.a(daisy_seed.o)
                0x08001288                daisy::DaisySeed::ConfigureAudio()
 .text._ZN5daisy9DaisySeed4InitEb
                0x08001394      0x108 ../../libDaisy//build\libdaisy.a(daisy_seed.o)
                0x08001394                daisy::DaisySeed::Init(bool)
 .text._ZN5daisy6Ak45564InitE12dsy_gpio_pin
                0x0800149c       0x44 ../../libDaisy//build\libdaisy.a(codec_ak4556.o)
                0x0800149c                daisy::Ak4556::Init(dsy_gpio_pin)
 .text._ZN5daisy6Wm873120WriteControlRegisterEht
                0x080014e0       0x3c ../../libDaisy//build\libdaisy.a(codec_wm8731.o)
                0x080014e0                daisy::Wm8731::WriteControlRegister(unsigned char, unsigned short)
 .text._ZN5daisy6Wm87314InitERKNS0_6ConfigENS_9I2CHandleE
                0x0800151c      0x1bc ../../libDaisy//build\libdaisy.a(codec_wm8731.o)
                0x0800151c                daisy::Wm8731::Init(daisy::Wm8731::Config const&, daisy::I2CHandle)
 .text._ZN11SdramHandle10DeviceInitEv
                0x080016d8       0x98 ../../libDaisy//build\libdaisy.a(sdram.o)
                0x080016d8                SdramHandle::DeviceInit()
 .text._ZN11SdramHandle4InitEv
                0x08001770       0x7c ../../libDaisy//build\libdaisy.a(sdram.o)
                0x08001770                SdramHandle::Init()
 .text.HAL_SDRAM_MspInit
                0x080017ec      0x1a8 ../../libDaisy//build\libdaisy.a(sdram.o)
                0x080017ec                HAL_SDRAM_MspInit
 .text._ZN5daisy11AudioHandle4Impl16InternalCallbackEPlS2_j
                0x08001994      0xbbc ../../libDaisy//build\libdaisy.a(audio.o)
                0x08001994                daisy::AudioHandle::Impl::InternalCallback(long*, long*, unsigned int)
 .text._ZN5daisy11AudioHandle4InitERKNS0_6ConfigENS_9SaiHandleE
                0x08002550       0x70 ../../libDaisy//build\libdaisy.a(audio.o)
                0x08002550                daisy::AudioHandle::Init(daisy::AudioHandle::Config const&, daisy::SaiHandle)
 .text._ZNK5daisy11AudioHandle9GetConfigEv
                0x080025c0        0x8 ../../libDaisy//build\libdaisy.a(audio.o)
                0x080025c0                daisy::AudioHandle::GetConfig() const
 .text._ZN5daisy11AudioHandle13GetSampleRateEv
                0x080025c8        0x8 ../../libDaisy//build\libdaisy.a(audio.o)
                0x080025c8                daisy::AudioHandle::GetSampleRate()
 .text._ZN5daisy11AudioHandle5StartEPFvPKPKfPPfjE
                0x080025d0       0x44 ../../libDaisy//build\libdaisy.a(audio.o)
                0x080025d0                daisy::AudioHandle::Start(void (*)(float const* const*, float**, unsigned int))
 .text.startup._GLOBAL__sub_I__ZN5daisy11AudioHandle4Impl4InitENS0_6ConfigENS_9SaiHandleE
                0x08002614       0x24 ../../libDaisy//build\libdaisy.a(audio.o)
 .text._ZN5daisy9UsbHandleD2Ev
                0x08002638        0x4 ../../libDaisy//build\libdaisy.a(logger.o)
                0x08002638                daisy::UsbHandle::~UsbHandle()
                0x08002638                daisy::UsbHandle::~UsbHandle()
 .text._ZN5daisy6LoggerILNS_17LoggerDestinationE1EE11TransmitBufEv
                0x0800263c       0x60 ../../libDaisy//build\libdaisy.a(logger.o)
                0x0800263c                daisy::Logger<(daisy::LoggerDestination)1>::TransmitBuf()
 .text._ZN5daisy6LoggerILNS_17LoggerDestinationE1EE13AppendNewLineEv
                0x0800269c       0x60 ../../libDaisy//build\libdaisy.a(logger.o)
                0x0800269c                daisy::Logger<(daisy::LoggerDestination)1>::AppendNewLine()
 .text._ZN5daisy6LoggerILNS_17LoggerDestinationE1EE10PrintLineVEPKcSt9__va_list
                0x080026fc       0x30 ../../libDaisy//build\libdaisy.a(logger.o)
                0x080026fc                daisy::Logger<(daisy::LoggerDestination)1>::PrintLineV(char const*, std::__va_list)
 .text._ZN5daisy6LoggerILNS_17LoggerDestinationE1EE9PrintLineEPKcz
                0x0800272c       0x1c ../../libDaisy//build\libdaisy.a(logger.o)
                0x0800272c                daisy::Logger<(daisy::LoggerDestination)1>::PrintLine(char const*, ...)
 .text._ZN5daisy6LoggerILNS_17LoggerDestinationE1EE8StartLogEb
                0x08002748       0x40 ../../libDaisy//build\libdaisy.a(logger.o)
                0x08002748                daisy::Logger<(daisy::LoggerDestination)1>::StartLog(bool)
 .text.startup._GLOBAL__sub_I__ZN5daisy10LoggerImplILNS_17LoggerDestinationE1EE11usb_handle_E
                0x08002788       0x2c ../../libDaisy//build\libdaisy.a(logger.o)
 .text.DummyRxCallback
                0x080027b4        0x4 ../../libDaisy//build\libdaisy.a(usb.o)
                0x080027b4                DummyRxCallback
 .text._ZN5daisy9UsbHandle4InitENS0_9UsbPeriphE
                0x080027b8      0x10c ../../libDaisy//build\libdaisy.a(usb.o)
                0x080027b8                daisy::UsbHandle::Init(daisy::UsbHandle::UsbPeriph)
 .text._ZN5daisy9UsbHandle16TransmitInternalEPhj
                0x080028c4       0x14 ../../libDaisy//build\libdaisy.a(usb.o)
                0x080028c4                daisy::UsbHandle::TransmitInternal(unsigned char*, unsigned int)
 .text.OTG_FS_EP1_OUT_IRQHandler
                0x080028d8        0xc ../../libDaisy//build\libdaisy.a(usb.o)
                0x080028d8                OTG_FS_EP1_OUT_IRQHandler
 .text.OTG_FS_EP1_IN_IRQHandler
                0x080028e4        0xc ../../libDaisy//build\libdaisy.a(usb.o)
                0x080028e4                OTG_FS_EP1_IN_IRQHandler
 .text.OTG_FS_IRQHandler
                0x080028f0        0xc ../../libDaisy//build\libdaisy.a(usb.o)
                0x080028f0                OTG_FS_IRQHandler
 .text._ZN5daisy16AdcChannelConfig10InitSingleE12dsy_gpio_pinNS0_15ConversionSpeedE
                0x080028fc       0x28 ../../libDaisy//build\libdaisy.a(adc.o)
                0x080028fc                daisy::AdcChannelConfig::InitSingle(dsy_gpio_pin, daisy::AdcChannelConfig::ConversionSpeed)
 .text._ZN5daisy9AdcHandle4InitEPNS_16AdcChannelConfigEjNS0_12OverSamplingE
                0x08002924      0x41c ../../libDaisy//build\libdaisy.a(adc.o)
                0x08002924                daisy::AdcHandle::Init(daisy::AdcChannelConfig*, unsigned int, daisy::AdcHandle::OverSampling)
 .text._ZN5daisy9AdcHandle5StartEv
                0x08002d40       0x2c ../../libDaisy//build\libdaisy.a(adc.o)
                0x08002d40                daisy::AdcHandle::Start()
 .text._ZNK5daisy9AdcHandle3GetEh
                0x08002d6c       0x18 ../../libDaisy//build\libdaisy.a(adc.o)
                0x08002d6c                daisy::AdcHandle::Get(unsigned char) const
 .text._ZNK5daisy9AdcHandle8GetFloatEh
                0x08002d84       0x20 ../../libDaisy//build\libdaisy.a(adc.o)
                0x08002d84                daisy::AdcHandle::GetFloat(unsigned char) const
 .text.HAL_ADC_MspInit
                0x08002da4       0x98 ../../libDaisy//build\libdaisy.a(adc.o)
                0x08002da4                HAL_ADC_MspInit
 .text.DMA1_Stream2_IRQHandler
                0x08002e3c        0xc ../../libDaisy//build\libdaisy.a(adc.o)
                0x08002e3c                DMA1_Stream2_IRQHandler
 .text.HAL_ADC_ConvCpltCallback
                0x08002e48      0x148 ../../libDaisy//build\libdaisy.a(adc.o)
                0x08002e48                HAL_ADC_ConvCpltCallback
 .text.HAL_ADC_ErrorCallback
                0x08002f90        0x4 ../../libDaisy//build\libdaisy.a(adc.o)
                0x08002f90                HAL_ADC_ErrorCallback
 .text._ZN5daisy4GPIO4InitENS_3PinENS0_4ModeENS0_4PullENS0_5SpeedE
                0x08002f94      0x1cc ../../libDaisy//build\libdaisy.a(gpio.o)
                0x08002f94                daisy::GPIO::Init(daisy::Pin, daisy::GPIO::Mode, daisy::GPIO::Pull, daisy::GPIO::Speed)
 .text._ZN5daisy4GPIO4ReadEv
                0x08003160       0x18 ../../libDaisy//build\libdaisy.a(gpio.o)
                0x08003160                daisy::GPIO::Read()
 .text._ZN5daisy4GPIO5WriteEb
                0x08003178       0x14 ../../libDaisy//build\libdaisy.a(gpio.o)
                0x08003178                daisy::GPIO::Write(bool)
 .text.dsy_gpio_init
                0x0800318c      0x1b8 ../../libDaisy//build\libdaisy.a(gpio.o)
                0x0800318c                dsy_gpio_init
 .text.dsy_gpio_write
                0x08003344       0x24 ../../libDaisy//build\libdaisy.a(gpio.o)
                0x08003344                dsy_gpio_write
 .text._ZN5daisy9I2CHandle4Impl8InitPinsEv
                0x08003368       0x58 ../../libDaisy//build\libdaisy.a(i2c.o)
                0x08003368                daisy::I2CHandle::Impl::InitPins()
 .text.HAL_I2C_MspInit
                0x080033c0      0x1b4 ../../libDaisy//build\libdaisy.a(i2c.o)
                0x080033c0                HAL_I2C_MspInit
 .text.dsy_i2c_global_init
                0x08003574       0x78 ../../libDaisy//build\libdaisy.a(i2c.o)
                0x08003574                dsy_i2c_global_init
 .text.DMA1_Stream6_IRQHandler
                0x080035ec       0x34 ../../libDaisy//build\libdaisy.a(i2c.o)
                0x080035ec                DMA1_Stream6_IRQHandler
 .text.I2C1_EV_IRQHandler
                0x08003620        0xc ../../libDaisy//build\libdaisy.a(i2c.o)
                0x08003620                I2C1_EV_IRQHandler
 .text.I2C2_EV_IRQHandler
                0x0800362c        0xc ../../libDaisy//build\libdaisy.a(i2c.o)
                0x0800362c                I2C2_EV_IRQHandler
 .text.I2C3_EV_IRQHandler
                0x08003638        0xc ../../libDaisy//build\libdaisy.a(i2c.o)
                0x08003638                I2C3_EV_IRQHandler
 .text._ZN5daisy9I2CHandle4InitERKNS0_6ConfigE
                0x08003644      0x12c ../../libDaisy//build\libdaisy.a(i2c.o)
                0x08003644                daisy::I2CHandle::Init(daisy::I2CHandle::Config const&)
 .text._ZN5daisy9I2CHandle16TransmitBlockingEtPhtm
                0x08003770       0x50 ../../libDaisy//build\libdaisy.a(i2c.o)
                0x08003770                daisy::I2CHandle::TransmitBlocking(unsigned short, unsigned char*, unsigned short, unsigned long)
 .text.startup._GLOBAL__sub_I__ZN5daisy9I2CHandle4Impl10GlobalInitEv
                0x080037c0       0x18 ../../libDaisy//build\libdaisy.a(i2c.o)
 .text._ZN5daisy10QSPIHandle4Impl11WriteEnableEv
                0x080037d8       0x8c ../../libDaisy//build\libdaisy.a(qspi.o)
                0x080037d8                daisy::QSPIHandle::Impl::WriteEnable()
 *fill*         0x08003864        0x4 
 .text._ZN5daisy10QSPIHandle4Impl17DummyCyclesConfigENS0_6Config6DeviceE
                0x08003868      0x118 ../../libDaisy//build\libdaisy.a(qspi.o)
                0x08003868                daisy::QSPIHandle::Impl::DummyCyclesConfig(daisy::QSPIHandle::Config::Device)
 .text._ZN5daisy10QSPIHandle4Impl10QuadEnableEv
                0x08003980      0x158 ../../libDaisy//build\libdaisy.a(qspi.o)
                0x08003980                daisy::QSPIHandle::Impl::QuadEnable()
 .text._ZN5daisy10QSPIHandle4InitERKNS0_6ConfigE
                0x08003ad8      0x198 ../../libDaisy//build\libdaisy.a(qspi.o)
                0x08003ad8                daisy::QSPIHandle::Init(daisy::QSPIHandle::Config const&)
 .text.HAL_QSPI_MspInit
                0x08003c70      0x11c ../../libDaisy//build\libdaisy.a(qspi.o)
                0x08003c70                HAL_QSPI_MspInit
 .text.HAL_QSPI_MspDeInit
                0x08003d8c       0x54 ../../libDaisy//build\libdaisy.a(qspi.o)
                0x08003d8c                HAL_QSPI_MspDeInit
 .text.QUADSPI_IRQHandler
                0x08003de0        0xc ../../libDaisy//build\libdaisy.a(qspi.o)
                0x08003de0                QUADSPI_IRQHandler
 .text.startup._GLOBAL__sub_I__ZN5daisy10QSPIHandle4Impl4InitERKNS0_6ConfigE
                0x08003dec       0x28 ../../libDaisy//build\libdaisy.a(qspi.o)
 .text._ZN5daisy9SaiHandle4Impl7InitDmaENS1_15PeripheralBlockE
                0x08003e14       0xa0 ../../libDaisy//build\libdaisy.a(sai.o)
                0x08003e14                daisy::SaiHandle::Impl::InitDma(daisy::SaiHandle::Impl::PeripheralBlock)
 .text._ZN5daisy9SaiHandle4Impl8InitPinsEv
                0x08003eb4       0xa8 ../../libDaisy//build\libdaisy.a(sai.o)
                0x08003eb4                daisy::SaiHandle::Impl::InitPins()
 .text.HAL_SAI_MspInit
                0x08003f5c      0x164 ../../libDaisy//build\libdaisy.a(sai.o)
                0x08003f5c                HAL_SAI_MspInit
 .text.DMA1_Stream0_IRQHandler
                0x080040c0        0xc ../../libDaisy//build\libdaisy.a(sai.o)
                0x080040c0                DMA1_Stream0_IRQHandler
 .text.DMA1_Stream1_IRQHandler
                0x080040cc        0xc ../../libDaisy//build\libdaisy.a(sai.o)
                0x080040cc                DMA1_Stream1_IRQHandler
 .text.DMA1_Stream3_IRQHandler
                0x080040d8        0xc ../../libDaisy//build\libdaisy.a(sai.o)
                0x080040d8                DMA1_Stream3_IRQHandler
 .text.DMA1_Stream4_IRQHandler
                0x080040e4        0xc ../../libDaisy//build\libdaisy.a(sai.o)
                0x080040e4                DMA1_Stream4_IRQHandler
 .text.HAL_SAI_RxHalfCpltCallback
                0x080040f0       0x78 ../../libDaisy//build\libdaisy.a(sai.o)
                0x080040f0                HAL_SAI_RxHalfCpltCallback
 .text.HAL_SAI_RxCpltCallback
                0x08004168       0x70 ../../libDaisy//build\libdaisy.a(sai.o)
                0x08004168                HAL_SAI_RxCpltCallback
 .text._ZN5daisy9SaiHandle4InitERKNS0_6ConfigE
                0x080041d8      0x1f0 ../../libDaisy//build\libdaisy.a(sai.o)
                0x080041d8                daisy::SaiHandle::Init(daisy::SaiHandle::Config const&)
 .text._ZNK5daisy9SaiHandle9GetConfigEv
                0x080043c8        0x4 ../../libDaisy//build\libdaisy.a(sai.o)
                0x080043c8                daisy::SaiHandle::GetConfig() const
 .text._ZN5daisy9SaiHandle8StartDmaEPlS1_jPFvS1_S1_jE
                0x080043cc       0xbc ../../libDaisy//build\libdaisy.a(sai.o)
                0x080043cc                daisy::SaiHandle::StartDma(long*, long*, unsigned int, void (*)(long*, long*, unsigned int))
 .text._ZN5daisy9SaiHandle13GetSampleRateEv
                0x08004488       0x24 ../../libDaisy//build\libdaisy.a(sai.o)
                0x08004488                daisy::SaiHandle::GetSampleRate()
 .text._ZNK5daisy9SaiHandle9GetOffsetEv
                0x080044ac        0x8 ../../libDaisy//build\libdaisy.a(sai.o)
                0x080044ac                daisy::SaiHandle::GetOffset() const
 .text._ZN5daisy11TimerHandleD2Ev
                0x080044b4        0x4 ../../libDaisy//build\libdaisy.a(system.o)
                0x080044b4                daisy::TimerHandle::~TimerHandle()
                0x080044b4                daisy::TimerHandle::~TimerHandle()
 .text.SysTick_Handler
                0x080044b8       0x10 ../../libDaisy//build\libdaisy.a(system.o)
                0x080044b8                SysTick_Handler
 .text.OTG_HS_EP1_OUT_IRQHandler
                0x080044c8       0x24 ../../libDaisy//build\libdaisy.a(system.o)
                0x080044c8                OTG_HS_EP1_OUT_IRQHandler
 .text.OTG_HS_EP1_IN_IRQHandler
                0x080044ec       0x24 ../../libDaisy//build\libdaisy.a(system.o)
                0x080044ec                OTG_HS_EP1_IN_IRQHandler
 .text.OTG_HS_IRQHandler
                0x08004510       0x24 ../../libDaisy//build\libdaisy.a(system.o)
                0x08004510                OTG_HS_IRQHandler
 .text.HardFault_Handler
                0x08004534       0xe0 ../../libDaisy//build\libdaisy.a(system.o)
                0x08004534                HardFault_Handler
 .text._ZN5daisy6System5DelayEm
                0x08004614        0x4 ../../libDaisy//build\libdaisy.a(system.o)
                0x08004614                daisy::System::Delay(unsigned long)
 .text._ZN5daisy6System20GetBootloaderVersionEv
                0x08004618       0x34 ../../libDaisy//build\libdaisy.a(system.o)
                0x08004618                daisy::System::GetBootloaderVersion()
 .text._ZN5daisy6System15ConfigureClocksEv
                0x0800464c      0x194 ../../libDaisy//build\libdaisy.a(system.o)
                0x0800464c                daisy::System::ConfigureClocks()
 .text._ZN5daisy6System12ConfigureMpuEv
                0x080047e0       0x7c ../../libDaisy//build\libdaisy.a(system.o)
                0x080047e0                daisy::System::ConfigureMpu()
 .text._ZN5daisy6System4InitERKNS0_6ConfigE
                0x0800485c       0xec ../../libDaisy//build\libdaisy.a(system.o)
                0x0800485c                daisy::System::Init(daisy::System::Config const&)
 .text._ZN5daisy6System12GetPClk1FreqEv
                0x08004948        0x4 ../../libDaisy//build\libdaisy.a(system.o)
                0x08004948                daisy::System::GetPClk1Freq()
 .text._ZN5daisy6System22GetProgramMemoryRegionEv
                0x0800494c       0x78 ../../libDaisy//build\libdaisy.a(system.o)
                0x0800494c                daisy::System::GetProgramMemoryRegion()
 .text.startup._GLOBAL__sub_I__ZN5daisy9boot_infoE
                0x080049c4       0x1c ../../libDaisy//build\libdaisy.a(system.o)
 .text.SystemInit
                0x080049e0       0x9c ../../libDaisy//build\libdaisy.a(system_stm32h7xx.o)
                0x080049e0                SystemInit
 .text.dummy_rx_callback
                0x08004a7c        0x4 ../../libDaisy//build\libdaisy.a(usbd_cdc_if.o)
                0x08004a7c                dummy_rx_callback
 .text.CDC_DeInit_FS
                0x08004a80        0x4 ../../libDaisy//build\libdaisy.a(usbd_cdc_if.o)
 .text.CDC_Receive_FS
                0x08004a84       0x2c ../../libDaisy//build\libdaisy.a(usbd_cdc_if.o)
 .text.CDC_Receive_HS
                0x08004ab0       0x2c ../../libDaisy//build\libdaisy.a(usbd_cdc_if.o)
 .text.CDC_Init_FS
                0x08004adc       0x3c ../../libDaisy//build\libdaisy.a(usbd_cdc_if.o)
 .text.CDC_Init_HS
                0x08004b18       0x3c ../../libDaisy//build\libdaisy.a(usbd_cdc_if.o)
 .text.CDC_Control_FS
                0x08004b54       0x34 ../../libDaisy//build\libdaisy.a(usbd_cdc_if.o)
 .text.CDC_Control_HS
                0x08004b88       0x34 ../../libDaisy//build\libdaisy.a(usbd_cdc_if.o)
 .text.CDC_DeInit_HS
                0x08004bbc        0x4 ../../libDaisy//build\libdaisy.a(usbd_cdc_if.o)
 .text.CDC_Transmit_FS
                0x08004bc0       0x2c ../../libDaisy//build\libdaisy.a(usbd_cdc_if.o)
                0x08004bc0                CDC_Transmit_FS
 .text.HAL_PCD_MspInit
                0x08004bec      0x144 ../../libDaisy//build\libdaisy.a(usbd_conf.o)
                0x08004bec                HAL_PCD_MspInit
 .text.HAL_PCD_SetupStageCallback
                0x08004d30        0xc ../../libDaisy//build\libdaisy.a(usbd_conf.o)
                0x08004d30                HAL_PCD_SetupStageCallback
 .text.HAL_PCD_DataOutStageCallback
                0x08004d3c       0x14 ../../libDaisy//build\libdaisy.a(usbd_conf.o)
                0x08004d3c                HAL_PCD_DataOutStageCallback
 .text.HAL_PCD_DataInStageCallback
                0x08004d50       0x14 ../../libDaisy//build\libdaisy.a(usbd_conf.o)
                0x08004d50                HAL_PCD_DataInStageCallback
 .text.HAL_PCD_SOFCallback
                0x08004d64        0x8 ../../libDaisy//build\libdaisy.a(usbd_conf.o)
                0x08004d64                HAL_PCD_SOFCallback
 .text.HAL_PCD_ResetCallback
                0x08004d6c       0x24 ../../libDaisy//build\libdaisy.a(usbd_conf.o)
                0x08004d6c                HAL_PCD_ResetCallback
 .text.HAL_PCD_SuspendCallback
                0x08004d90       0x30 ../../libDaisy//build\libdaisy.a(usbd_conf.o)
                0x08004d90                HAL_PCD_SuspendCallback
 .text.HAL_PCD_ResumeCallback
                0x08004dc0        0x8 ../../libDaisy//build\libdaisy.a(usbd_conf.o)
                0x08004dc0                HAL_PCD_ResumeCallback
 .text.HAL_PCD_ISOOUTIncompleteCallback
                0x08004dc8        0x8 ../../libDaisy//build\libdaisy.a(usbd_conf.o)
                0x08004dc8                HAL_PCD_ISOOUTIncompleteCallback
 .text.HAL_PCD_ISOINIncompleteCallback
                0x08004dd0        0x8 ../../libDaisy//build\libdaisy.a(usbd_conf.o)
                0x08004dd0                HAL_PCD_ISOINIncompleteCallback
 .text.HAL_PCD_ConnectCallback
                0x08004dd8        0x8 ../../libDaisy//build\libdaisy.a(usbd_conf.o)
                0x08004dd8                HAL_PCD_ConnectCallback
 .text.HAL_PCD_DisconnectCallback
                0x08004de0        0x8 ../../libDaisy//build\libdaisy.a(usbd_conf.o)
                0x08004de0                HAL_PCD_DisconnectCallback
 .text.USBD_LL_Init
                0x08004de8       0xe4 ../../libDaisy//build\libdaisy.a(usbd_conf.o)
                0x08004de8                USBD_LL_Init
 .text.USBD_LL_Start
                0x08004ecc       0x1c ../../libDaisy//build\libdaisy.a(usbd_conf.o)
                0x08004ecc                USBD_LL_Start
 .text.USBD_LL_OpenEP
                0x08004ee8       0x24 ../../libDaisy//build\libdaisy.a(usbd_conf.o)
                0x08004ee8                USBD_LL_OpenEP
 .text.USBD_LL_CloseEP
                0x08004f0c       0x1c ../../libDaisy//build\libdaisy.a(usbd_conf.o)
                0x08004f0c                USBD_LL_CloseEP
 .text.USBD_LL_StallEP
                0x08004f28       0x1c ../../libDaisy//build\libdaisy.a(usbd_conf.o)
                0x08004f28                USBD_LL_StallEP
 .text.USBD_LL_ClearStallEP
                0x08004f44       0x1c ../../libDaisy//build\libdaisy.a(usbd_conf.o)
                0x08004f44                USBD_LL_ClearStallEP
 .text.USBD_LL_IsStallEP
                0x08004f60       0x28 ../../libDaisy//build\libdaisy.a(usbd_conf.o)
                0x08004f60                USBD_LL_IsStallEP
 .text.USBD_LL_SetUSBAddress
                0x08004f88       0x1c ../../libDaisy//build\libdaisy.a(usbd_conf.o)
                0x08004f88                USBD_LL_SetUSBAddress
 .text.USBD_LL_Transmit
                0x08004fa4       0x1c ../../libDaisy//build\libdaisy.a(usbd_conf.o)
                0x08004fa4                USBD_LL_Transmit
 .text.USBD_LL_PrepareReceive
                0x08004fc0       0x1c ../../libDaisy//build\libdaisy.a(usbd_conf.o)
                0x08004fc0                USBD_LL_PrepareReceive
 .text.USBD_LL_GetRxDataSize
                0x08004fdc        0x8 ../../libDaisy//build\libdaisy.a(usbd_conf.o)
                0x08004fdc                USBD_LL_GetRxDataSize
 .text.USBD_HS_DeviceDescriptor
                0x08004fe4        0xc ../../libDaisy//build\libdaisy.a(usbd_desc.o)
                0x08004fe4                USBD_HS_DeviceDescriptor
 .text.USBD_FS_DeviceDescriptor
                0x08004ff0        0xc ../../libDaisy//build\libdaisy.a(usbd_desc.o)
                0x08004ff0                USBD_FS_DeviceDescriptor
 .text.USBD_FS_LangIDStrDescriptor
                0x08004ffc        0xc ../../libDaisy//build\libdaisy.a(usbd_desc.o)
                0x08004ffc                USBD_FS_LangIDStrDescriptor
 .text.USBD_FS_ManufacturerStrDescriptor
                0x08005008       0x1c ../../libDaisy//build\libdaisy.a(usbd_desc.o)
                0x08005008                USBD_FS_ManufacturerStrDescriptor
 .text.USBD_HS_ProductStrDescriptor
                0x08005024       0x1c ../../libDaisy//build\libdaisy.a(usbd_desc.o)
                0x08005024                USBD_HS_ProductStrDescriptor
 .text.USBD_FS_ConfigStrDescriptor
                0x08005040       0x1c ../../libDaisy//build\libdaisy.a(usbd_desc.o)
                0x08005040                USBD_FS_ConfigStrDescriptor
 .text.USBD_FS_InterfaceStrDescriptor
                0x0800505c       0x1c ../../libDaisy//build\libdaisy.a(usbd_desc.o)
                0x0800505c                USBD_FS_InterfaceStrDescriptor
 .text.USBD_FS_ProductStrDescriptor
                0x08005078       0x1c ../../libDaisy//build\libdaisy.a(usbd_desc.o)
                0x08005078                USBD_FS_ProductStrDescriptor
 .text.USBD_HS_LangIDStrDescriptor
                0x08005094        0xc ../../libDaisy//build\libdaisy.a(usbd_desc.o)
                0x08005094                USBD_HS_LangIDStrDescriptor
 .text.USBD_HS_ManufacturerStrDescriptor
                0x080050a0       0x1c ../../libDaisy//build\libdaisy.a(usbd_desc.o)
                0x080050a0                USBD_HS_ManufacturerStrDescriptor
 .text.USBD_FS_SerialStrDescriptor
                0x080050bc      0x124 ../../libDaisy//build\libdaisy.a(usbd_desc.o)
                0x080050bc                USBD_FS_SerialStrDescriptor
 .text.USBD_HS_SerialStrDescriptor
                0x080051e0      0x124 ../../libDaisy//build\libdaisy.a(usbd_desc.o)
                0x080051e0                USBD_HS_SerialStrDescriptor
 .text.USBD_HS_InterfaceStrDescriptor
                0x08005304       0x1c ../../libDaisy//build\libdaisy.a(usbd_desc.o)
                0x08005304                USBD_HS_InterfaceStrDescriptor
 .text.USBD_HS_ConfigStrDescriptor
                0x08005320       0x1c ../../libDaisy//build\libdaisy.a(usbd_desc.o)
                0x08005320                USBD_HS_ConfigStrDescriptor
 .text.HAL_HCD_SOF_Callback
                0x0800533c        0x8 ../../libDaisy//build\libdaisy.a(usbh_conf.o)
                0x0800533c                HAL_HCD_SOF_Callback
 .text.HAL_HCD_Connect_Callback
                0x08005344        0x8 ../../libDaisy//build\libdaisy.a(usbh_conf.o)
                0x08005344                HAL_HCD_Connect_Callback
 .text.HAL_HCD_Disconnect_Callback
                0x0800534c        0x8 ../../libDaisy//build\libdaisy.a(usbh_conf.o)
                0x0800534c                HAL_HCD_Disconnect_Callback
 .text.HAL_HCD_HC_NotifyURBChange_Callback
                0x08005354        0x4 ../../libDaisy//build\libdaisy.a(usbh_conf.o)
                0x08005354                HAL_HCD_HC_NotifyURBChange_Callback
 .text.HAL_HCD_PortEnabled_Callback
                0x08005358        0x8 ../../libDaisy//build\libdaisy.a(usbh_conf.o)
                0x08005358                HAL_HCD_PortEnabled_Callback
 .text.HAL_HCD_PortDisabled_Callback
                0x08005360        0x8 ../../libDaisy//build\libdaisy.a(usbh_conf.o)
                0x08005360                HAL_HCD_PortDisabled_Callback
 .text.USBH_LL_Stop
                0x08005368       0x1c ../../libDaisy//build\libdaisy.a(usbh_conf.o)
                0x08005368                USBH_LL_Stop
 .text.dsy_hal_map_get_port
                0x08005384       0x10 ../../libDaisy//build\libdaisy.a(hal_map.o)
                0x08005384                dsy_hal_map_get_port
 .text.dsy_hal_map_get_pin
                0x08005394       0x10 ../../libDaisy//build\libdaisy.a(hal_map.o)
                0x08005394                dsy_hal_map_get_pin
 .text.dsy_hal_map_gpio_clk_enable
                0x080053a4      0x150 ../../libDaisy//build\libdaisy.a(hal_map.o)
                0x080053a4                dsy_hal_map_gpio_clk_enable
 .text.HAL_MspInit
                0x080054f4        0x4 ../../libDaisy//build\libdaisy.a(stm32h7xx_hal.o)
                0x080054f4                HAL_MspInit
 .text.HAL_InitTick
                0x080054f8       0x4c ../../libDaisy//build\libdaisy.a(stm32h7xx_hal.o)
                0x080054f8                HAL_InitTick
 .text.HAL_Init
                0x08005544       0x60 ../../libDaisy//build\libdaisy.a(stm32h7xx_hal.o)
                0x08005544                HAL_Init
 .text.HAL_IncTick
                0x080055a4       0x18 ../../libDaisy//build\libdaisy.a(stm32h7xx_hal.o)
                0x080055a4                HAL_IncTick
 .text.HAL_GetTick
                0x080055bc        0xc ../../libDaisy//build\libdaisy.a(stm32h7xx_hal.o)
                0x080055bc                HAL_GetTick
 .text.HAL_Delay
                0x080055c8       0x24 ../../libDaisy//build\libdaisy.a(stm32h7xx_hal.o)
                0x080055c8                HAL_Delay
 .text.HAL_GetREVID
                0x080055ec        0xc ../../libDaisy//build\libdaisy.a(stm32h7xx_hal.o)
                0x080055ec                HAL_GetREVID
 .text.HAL_ADC_ConvHalfCpltCallback
                0x080055f8        0x4 ../../libDaisy//build\libdaisy.a(stm32h7xx_hal_adc.o)
                0x080055f8                HAL_ADC_ConvHalfCpltCallback
 .text.ADC_DMAHalfConvCplt
                0x080055fc        0xc ../../libDaisy//build\libdaisy.a(stm32h7xx_hal_adc.o)
                0x080055fc                ADC_DMAHalfConvCplt
 .text.ADC_DMAConvCplt
                0x08005608       0x6c ../../libDaisy//build\libdaisy.a(stm32h7xx_hal_adc.o)
                0x08005608                ADC_DMAConvCplt
 .text.ADC_DMAError
                0x08005674       0x1c ../../libDaisy//build\libdaisy.a(stm32h7xx_hal_adc.o)
                0x08005674                ADC_DMAError
 .text.HAL_ADC_ConfigChannel
                0x08005690      0x3fc ../../libDaisy//build\libdaisy.a(stm32h7xx_hal_adc.o)
                0x08005690                HAL_ADC_ConfigChannel
 .text.ADC_Enable
                0x08005a8c       0xac ../../libDaisy//build\libdaisy.a(stm32h7xx_hal_adc.o)
                0x08005a8c                ADC_Enable
 .text.HAL_ADC_Start_DMA
                0x08005b38      0x114 ../../libDaisy//build\libdaisy.a(stm32h7xx_hal_adc.o)
                0x08005b38                HAL_ADC_Start_DMA
 .text.ADC_Disable
                0x08005c4c       0x68 ../../libDaisy//build\libdaisy.a(stm32h7xx_hal_adc.o)
                0x08005c4c                ADC_Disable
 .text.ADC_ConfigureBoostMode
                0x08005cb4      0x184 ../../libDaisy//build\libdaisy.a(stm32h7xx_hal_adc.o)
                0x08005cb4                ADC_ConfigureBoostMode
 .text.HAL_ADC_Init
                0x08005e38      0x218 ../../libDaisy//build\libdaisy.a(stm32h7xx_hal_adc.o)
                0x08005e38                HAL_ADC_Init
 .text.HAL_ADCEx_Calibration_Start
                0x08006050       0xa4 ../../libDaisy//build\libdaisy.a(stm32h7xx_hal_adc_ex.o)
                0x08006050                HAL_ADCEx_Calibration_Start
 .text.HAL_ADCEx_MultiModeConfigChannel
                0x080060f4       0xc4 ../../libDaisy//build\libdaisy.a(stm32h7xx_hal_adc_ex.o)
                0x080060f4                HAL_ADCEx_MultiModeConfigChannel
 .text.HAL_NVIC_SetPriorityGrouping
                0x080061b8       0x24 ../../libDaisy//build\libdaisy.a(stm32h7xx_hal_cortex.o)
                0x080061b8                HAL_NVIC_SetPriorityGrouping
 .text.HAL_NVIC_SetPriority
                0x080061dc       0x7c ../../libDaisy//build\libdaisy.a(stm32h7xx_hal_cortex.o)
                0x080061dc                HAL_NVIC_SetPriority
 .text.HAL_NVIC_EnableIRQ
                0x08006258       0x1c ../../libDaisy//build\libdaisy.a(stm32h7xx_hal_cortex.o)
                0x08006258                HAL_NVIC_EnableIRQ
 .text.HAL_NVIC_DisableIRQ
                0x08006274       0x28 ../../libDaisy//build\libdaisy.a(stm32h7xx_hal_cortex.o)
                0x08006274                HAL_NVIC_DisableIRQ
 .text.HAL_SYSTICK_Config
                0x0800629c       0x2c ../../libDaisy//build\libdaisy.a(stm32h7xx_hal_cortex.o)
                0x0800629c                HAL_SYSTICK_Config
 .text.HAL_MPU_Disable
                0x080062c8       0x1c ../../libDaisy//build\libdaisy.a(stm32h7xx_hal_cortex.o)
                0x080062c8                HAL_MPU_Disable
 .text.HAL_MPU_Enable
                0x080062e4       0x20 ../../libDaisy//build\libdaisy.a(stm32h7xx_hal_cortex.o)
                0x080062e4                HAL_MPU_Enable
 .text.HAL_MPU_ConfigRegion
                0x08006304       0x64 ../../libDaisy//build\libdaisy.a(stm32h7xx_hal_cortex.o)
                0x08006304                HAL_MPU_ConfigRegion
 .text.HAL_SYSTICK_Callback
                0x08006368        0x4 ../../libDaisy//build\libdaisy.a(stm32h7xx_hal_cortex.o)
                0x08006368                HAL_SYSTICK_Callback
 .text.HAL_SYSTICK_IRQHandler
                0x0800636c        0x8 ../../libDaisy//build\libdaisy.a(stm32h7xx_hal_cortex.o)
                0x0800636c                HAL_SYSTICK_IRQHandler
 .text.DMA_CalcBaseAndBitshift
                0x08006374       0xf4 ../../libDaisy//build\libdaisy.a(stm32h7xx_hal_dma.o)
 .text.DMA_CalcDMAMUXChannelBaseAndMask
                0x08006468       0xd8 ../../libDaisy//build\libdaisy.a(stm32h7xx_hal_dma.o)
 .text.HAL_DMA_Init
                0x08006540      0x37c ../../libDaisy//build\libdaisy.a(stm32h7xx_hal_dma.o)
                0x08006540                HAL_DMA_Init
 .text.HAL_DMA_Start_IT
                0x080068bc      0x240 ../../libDaisy//build\libdaisy.a(stm32h7xx_hal_dma.o)
                0x080068bc                HAL_DMA_Start_IT
 .text.HAL_DMA_Abort_IT
                0x08006afc      0x134 ../../libDaisy//build\libdaisy.a(stm32h7xx_hal_dma.o)
                0x08006afc                HAL_DMA_Abort_IT
 .text.HAL_DMA_IRQHandler
                0x08006c30      0x6a0 ../../libDaisy//build\libdaisy.a(stm32h7xx_hal_dma.o)
                0x08006c30                HAL_DMA_IRQHandler
 .text.HAL_DMA_GetError
                0x080072d0        0x4 ../../libDaisy//build\libdaisy.a(stm32h7xx_hal_dma.o)
                0x080072d0                HAL_DMA_GetError
 .text.HAL_GPIO_Init
                0x080072d4      0x280 ../../libDaisy//build\libdaisy.a(stm32h7xx_hal_gpio.o)
                0x080072d4                HAL_GPIO_Init
 .text.HAL_GPIO_DeInit
                0x08007554      0x190 ../../libDaisy//build\libdaisy.a(stm32h7xx_hal_gpio.o)
                0x08007554                HAL_GPIO_DeInit
 .text.HAL_GPIO_ReadPin
                0x080076e4        0xc ../../libDaisy//build\libdaisy.a(stm32h7xx_hal_gpio.o)
                0x080076e4                HAL_GPIO_ReadPin
 .text.HAL_GPIO_WritePin
                0x080076f0        0x8 ../../libDaisy//build\libdaisy.a(stm32h7xx_hal_gpio.o)
                0x080076f0                HAL_GPIO_WritePin
 .text.HAL_HCD_IRQHandler
                0x080076f8      0x780 ../../libDaisy//build\libdaisy.a(stm32h7xx_hal_hcd.o)
                0x080076f8                HAL_HCD_IRQHandler
 .text.HAL_HCD_Stop
                0x08007e78       0x28 ../../libDaisy//build\libdaisy.a(stm32h7xx_hal_hcd.o)
                0x08007e78                HAL_HCD_Stop
 .text.I2C_WaitOnTXISFlagUntilTimeout
                0x08007ea0       0xb8 ../../libDaisy//build\libdaisy.a(stm32h7xx_hal_i2c.o)
 .text.I2C_WaitOnSTOPFlagUntilTimeout
                0x08007f58       0xac ../../libDaisy//build\libdaisy.a(stm32h7xx_hal_i2c.o)
 .text.HAL_I2C_Init
                0x08008004       0xac ../../libDaisy//build\libdaisy.a(stm32h7xx_hal_i2c.o)
                0x08008004                HAL_I2C_Init
 .text.HAL_I2C_Master_Transmit
                0x080080b0      0x1a8 ../../libDaisy//build\libdaisy.a(stm32h7xx_hal_i2c.o)
                0x080080b0                HAL_I2C_Master_Transmit
 .text.HAL_I2C_Slave_Transmit
                0x08008258      0x1c8 ../../libDaisy//build\libdaisy.a(stm32h7xx_hal_i2c.o)
                0x08008258                HAL_I2C_Slave_Transmit
 .text.HAL_I2C_EV_IRQHandler
                0x08008420       0x10 ../../libDaisy//build\libdaisy.a(stm32h7xx_hal_i2c.o)
                0x08008420                HAL_I2C_EV_IRQHandler
 .text.HAL_I2C_GetState
                0x08008430        0x8 ../../libDaisy//build\libdaisy.a(stm32h7xx_hal_i2c.o)
                0x08008430                HAL_I2C_GetState
 .text.HAL_I2CEx_ConfigAnalogFilter
                0x08008438       0x54 ../../libDaisy//build\libdaisy.a(stm32h7xx_hal_i2c_ex.o)
                0x08008438                HAL_I2CEx_ConfigAnalogFilter
 .text.HAL_I2CEx_ConfigDigitalFilter
                0x0800848c       0x58 ../../libDaisy//build\libdaisy.a(stm32h7xx_hal_i2c_ex.o)
                0x0800848c                HAL_I2CEx_ConfigDigitalFilter
 .text.HAL_PCD_Init
                0x080084e4      0x12c ../../libDaisy//build\libdaisy.a(stm32h7xx_hal_pcd.o)
                0x080084e4                HAL_PCD_Init
 .text.HAL_PCD_Start
                0x08008610       0x44 ../../libDaisy//build\libdaisy.a(stm32h7xx_hal_pcd.o)
                0x08008610                HAL_PCD_Start
 .text.HAL_PCD_IRQHandler
                0x08008654      0x69c ../../libDaisy//build\libdaisy.a(stm32h7xx_hal_pcd.o)
                0x08008654                HAL_PCD_IRQHandler
 .text.HAL_PCD_SetAddress
                0x08008cf0       0x2c ../../libDaisy//build\libdaisy.a(stm32h7xx_hal_pcd.o)
                0x08008cf0                HAL_PCD_SetAddress
 .text.HAL_PCD_EP_Open
                0x08008d1c       0x7c ../../libDaisy//build\libdaisy.a(stm32h7xx_hal_pcd.o)
                0x08008d1c                HAL_PCD_EP_Open
 .text.HAL_PCD_EP_Close
                0x08008d98       0x6c ../../libDaisy//build\libdaisy.a(stm32h7xx_hal_pcd.o)
                0x08008d98                HAL_PCD_EP_Close
 .text.HAL_PCD_EP_Receive
                0x08008e04       0x50 ../../libDaisy//build\libdaisy.a(stm32h7xx_hal_pcd.o)
                0x08008e04                HAL_PCD_EP_Receive
 .text.HAL_PCD_EP_GetRxCount
                0x08008e54       0x14 ../../libDaisy//build\libdaisy.a(stm32h7xx_hal_pcd.o)
                0x08008e54                HAL_PCD_EP_GetRxCount
 .text.HAL_PCD_EP_Transmit
                0x08008e68       0x50 ../../libDaisy//build\libdaisy.a(stm32h7xx_hal_pcd.o)
                0x08008e68                HAL_PCD_EP_Transmit
 .text.HAL_PCD_EP_SetStall
                0x08008eb8       0x88 ../../libDaisy//build\libdaisy.a(stm32h7xx_hal_pcd.o)
                0x08008eb8                HAL_PCD_EP_SetStall
 .text.HAL_PCD_EP_ClrStall
                0x08008f40       0x78 ../../libDaisy//build\libdaisy.a(stm32h7xx_hal_pcd.o)
                0x08008f40                HAL_PCD_EP_ClrStall
 .text.HAL_PCDEx_SetTxFiFo
                0x08008fb8       0x54 ../../libDaisy//build\libdaisy.a(stm32h7xx_hal_pcd_ex.o)
                0x08008fb8                HAL_PCDEx_SetTxFiFo
 .text.HAL_PCDEx_SetRxFiFo
                0x0800900c        0xc ../../libDaisy//build\libdaisy.a(stm32h7xx_hal_pcd_ex.o)
                0x0800900c                HAL_PCDEx_SetRxFiFo
 .text.HAL_PCDEx_ActivateLPM
                0x08009018       0x30 ../../libDaisy//build\libdaisy.a(stm32h7xx_hal_pcd_ex.o)
                0x08009018                HAL_PCDEx_ActivateLPM
 .text.HAL_PCDEx_LPM_Callback
                0x08009048        0x4 ../../libDaisy//build\libdaisy.a(stm32h7xx_hal_pcd_ex.o)
                0x08009048                HAL_PCDEx_LPM_Callback
 .text.HAL_PWREx_ConfigSupply
                0x0800904c       0x4c ../../libDaisy//build\libdaisy.a(stm32h7xx_hal_pwr_ex.o)
                0x0800904c                HAL_PWREx_ConfigSupply
 .text.HAL_PWREx_EnableUSBVoltageDetector
                0x08009098       0x10 ../../libDaisy//build\libdaisy.a(stm32h7xx_hal_pwr_ex.o)
                0x08009098                HAL_PWREx_EnableUSBVoltageDetector
 .text.QSPI_Config
                0x080090a8      0x174 ../../libDaisy//build\libdaisy.a(stm32h7xx_hal_qspi.o)
 .text.HAL_QSPI_Init
                0x0800921c       0xd8 ../../libDaisy//build\libdaisy.a(stm32h7xx_hal_qspi.o)
                0x0800921c                HAL_QSPI_Init
 .text.HAL_QSPI_DeInit
                0x080092f4       0x3c ../../libDaisy//build\libdaisy.a(stm32h7xx_hal_qspi.o)
                0x080092f4                HAL_QSPI_DeInit
 .text.HAL_QSPI_Command
                0x08009330       0xd4 ../../libDaisy//build\libdaisy.a(stm32h7xx_hal_qspi.o)
                0x08009330                HAL_QSPI_Command
 .text.HAL_QSPI_Transmit
                0x08009404       0xfc ../../libDaisy//build\libdaisy.a(stm32h7xx_hal_qspi.o)
                0x08009404                HAL_QSPI_Transmit
 .text.HAL_QSPI_Receive
                0x08009500      0x108 ../../libDaisy//build\libdaisy.a(stm32h7xx_hal_qspi.o)
                0x08009500                HAL_QSPI_Receive
 .text.HAL_QSPI_AutoPolling
                0x08009608       0xf0 ../../libDaisy//build\libdaisy.a(stm32h7xx_hal_qspi.o)
                0x08009608                HAL_QSPI_AutoPolling
 .text.HAL_QSPI_MemoryMapped
                0x080096f8       0xc0 ../../libDaisy//build\libdaisy.a(stm32h7xx_hal_qspi.o)
                0x080096f8                HAL_QSPI_MemoryMapped
 .text.HAL_QSPI_ErrorCallback
                0x080097b8        0x4 ../../libDaisy//build\libdaisy.a(stm32h7xx_hal_qspi.o)
                0x080097b8                HAL_QSPI_ErrorCallback
 .text.QSPI_DMAAbortCplt
                0x080097bc       0x38 ../../libDaisy//build\libdaisy.a(stm32h7xx_hal_qspi.o)
 .text.HAL_QSPI_AbortCpltCallback
                0x080097f4        0x4 ../../libDaisy//build\libdaisy.a(stm32h7xx_hal_qspi.o)
                0x080097f4                HAL_QSPI_AbortCpltCallback
 .text.HAL_QSPI_CmdCpltCallback
                0x080097f8        0x4 ../../libDaisy//build\libdaisy.a(stm32h7xx_hal_qspi.o)
                0x080097f8                HAL_QSPI_CmdCpltCallback
 .text.HAL_QSPI_RxCpltCallback
                0x080097fc        0x4 ../../libDaisy//build\libdaisy.a(stm32h7xx_hal_qspi.o)
                0x080097fc                HAL_QSPI_RxCpltCallback
 .text.HAL_QSPI_TxCpltCallback
                0x08009800        0x4 ../../libDaisy//build\libdaisy.a(stm32h7xx_hal_qspi.o)
                0x08009800                HAL_QSPI_TxCpltCallback
 .text.HAL_QSPI_FifoThresholdCallback
                0x08009804        0x4 ../../libDaisy//build\libdaisy.a(stm32h7xx_hal_qspi.o)
                0x08009804                HAL_QSPI_FifoThresholdCallback
 .text.HAL_QSPI_StatusMatchCallback
                0x08009808        0x4 ../../libDaisy//build\libdaisy.a(stm32h7xx_hal_qspi.o)
                0x08009808                HAL_QSPI_StatusMatchCallback
 .text.HAL_QSPI_TimeOutCallback
                0x0800980c        0x4 ../../libDaisy//build\libdaisy.a(stm32h7xx_hal_qspi.o)
                0x0800980c                HAL_QSPI_TimeOutCallback
 .text.HAL_QSPI_IRQHandler
                0x08009810      0x210 ../../libDaisy//build\libdaisy.a(stm32h7xx_hal_qspi.o)
                0x08009810                HAL_QSPI_IRQHandler
 .text.HAL_RCC_OscConfig
                0x08009a20      0x51c ../../libDaisy//build\libdaisy.a(stm32h7xx_hal_rcc.o)
                0x08009a20                HAL_RCC_OscConfig
 .text.HAL_RCC_GetSysClockFreq
                0x08009f3c      0x140 ../../libDaisy//build\libdaisy.a(stm32h7xx_hal_rcc.o)
                0x08009f3c                HAL_RCC_GetSysClockFreq
 .text.HAL_RCC_ClockConfig
                0x0800a07c      0x234 ../../libDaisy//build\libdaisy.a(stm32h7xx_hal_rcc.o)
                0x0800a07c                HAL_RCC_ClockConfig
 .text.HAL_RCC_GetHCLKFreq
                0x0800a2b0       0x2c ../../libDaisy//build\libdaisy.a(stm32h7xx_hal_rcc.o)
                0x0800a2b0                HAL_RCC_GetHCLKFreq
 .text.HAL_RCC_GetPCLK1Freq
                0x0800a2dc       0x38 ../../libDaisy//build\libdaisy.a(stm32h7xx_hal_rcc.o)
                0x0800a2dc                HAL_RCC_GetPCLK1Freq
 .text.HAL_RCC_GetPCLK2Freq
                0x0800a314       0x38 ../../libDaisy//build\libdaisy.a(stm32h7xx_hal_rcc.o)
                0x0800a314                HAL_RCC_GetPCLK2Freq
 .text.RCCEx_PLL2_Config
                0x0800a34c       0xf4 ../../libDaisy//build\libdaisy.a(stm32h7xx_hal_rcc_ex.o)
 .text.RCCEx_PLL3_Config
                0x0800a440       0xf4 ../../libDaisy//build\libdaisy.a(stm32h7xx_hal_rcc_ex.o)
 .text.HAL_RCCEx_PeriphCLKConfig
                0x0800a534      0xa7c ../../libDaisy//build\libdaisy.a(stm32h7xx_hal_rcc_ex.o)
                0x0800a534                HAL_RCCEx_PeriphCLKConfig
 .text.HAL_RCCEx_GetD3PCLK1Freq
                0x0800afb0       0x24 ../../libDaisy//build\libdaisy.a(stm32h7xx_hal_rcc_ex.o)
                0x0800afb0                HAL_RCCEx_GetD3PCLK1Freq
 .text.HAL_RCCEx_GetPLL2ClockFreq
                0x0800afd4      0x17c ../../libDaisy//build\libdaisy.a(stm32h7xx_hal_rcc_ex.o)
                0x0800afd4                HAL_RCCEx_GetPLL2ClockFreq
 .text.HAL_RCCEx_GetPLL3ClockFreq
                0x0800b150      0x17c ../../libDaisy//build\libdaisy.a(stm32h7xx_hal_rcc_ex.o)
                0x0800b150                HAL_RCCEx_GetPLL3ClockFreq
 .text.HAL_RCCEx_GetPLL1ClockFreq
                0x0800b2cc      0x17c ../../libDaisy//build\libdaisy.a(stm32h7xx_hal_rcc_ex.o)
                0x0800b2cc                HAL_RCCEx_GetPLL1ClockFreq
 .text.HAL_RCCEx_GetPeriphCLKFreq
                0x0800b448      0x198 ../../libDaisy//build\libdaisy.a(stm32h7xx_hal_rcc_ex.o)
                0x0800b448                HAL_RCCEx_GetPeriphCLKFreq
 .text.HAL_RCCEx_GetD1SysClockFreq
                0x0800b5e0       0x2c ../../libDaisy//build\libdaisy.a(stm32h7xx_hal_rcc_ex.o)
                0x0800b5e0                HAL_RCCEx_GetD1SysClockFreq
 .text.HAL_SAI_Init.part.0
                0x0800b60c      0x348 ../../libDaisy//build\libdaisy.a(stm32h7xx_hal_sai.o)
 .text.HAL_SAI_InitProtocol
                0x0800b954      0x178 ../../libDaisy//build\libdaisy.a(stm32h7xx_hal_sai.o)
                0x0800b954                HAL_SAI_InitProtocol
 .text.HAL_SAI_Transmit_DMA
                0x0800bacc      0x124 ../../libDaisy//build\libdaisy.a(stm32h7xx_hal_sai.o)
                0x0800bacc                HAL_SAI_Transmit_DMA
 .text.HAL_SAI_Receive_DMA
                0x0800bbf0       0xd0 ../../libDaisy//build\libdaisy.a(stm32h7xx_hal_sai.o)
                0x0800bbf0                HAL_SAI_Receive_DMA
 .text.HAL_SAI_TxCpltCallback
                0x0800bcc0        0x4 ../../libDaisy//build\libdaisy.a(stm32h7xx_hal_sai.o)
                0x0800bcc0                HAL_SAI_TxCpltCallback
 .text.SAI_DMATxCplt
                0x0800bcc4       0x64 ../../libDaisy//build\libdaisy.a(stm32h7xx_hal_sai.o)
 .text.HAL_SAI_TxHalfCpltCallback
                0x0800bd28        0x4 ../../libDaisy//build\libdaisy.a(stm32h7xx_hal_sai.o)
                0x0800bd28                HAL_SAI_TxHalfCpltCallback
 .text.SAI_DMATxHalfCplt
                0x0800bd2c        0xc ../../libDaisy//build\libdaisy.a(stm32h7xx_hal_sai.o)
 .text.SAI_DMARxCplt
                0x0800bd38       0x64 ../../libDaisy//build\libdaisy.a(stm32h7xx_hal_sai.o)
 .text.SAI_DMARxHalfCplt
                0x0800bd9c        0xc ../../libDaisy//build\libdaisy.a(stm32h7xx_hal_sai.o)
 .text.HAL_SAI_ErrorCallback
                0x0800bda8        0x4 ../../libDaisy//build\libdaisy.a(stm32h7xx_hal_sai.o)
                0x0800bda8                HAL_SAI_ErrorCallback
 .text.SAI_DMAError
                0x0800bdac       0x6c ../../libDaisy//build\libdaisy.a(stm32h7xx_hal_sai.o)
 .text.HAL_SDRAM_Init
                0x0800be18       0x54 ../../libDaisy//build\libdaisy.a(stm32h7xx_hal_sdram.o)
                0x0800be18                HAL_SDRAM_Init
 .text.HAL_SDRAM_SendCommand
                0x0800be6c       0x40 ../../libDaisy//build\libdaisy.a(stm32h7xx_hal_sdram.o)
                0x0800be6c                HAL_SDRAM_SendCommand
 .text.HAL_SDRAM_ProgramRefreshRate
                0x0800beac       0x30 ../../libDaisy//build\libdaisy.a(stm32h7xx_hal_sdram.o)
                0x0800beac                HAL_SDRAM_ProgramRefreshRate
 .text.FMC_SDRAM_Init
                0x0800bedc       0x7c ../../libDaisy//build\libdaisy.a(stm32h7xx_ll_fmc.o)
                0x0800bedc                FMC_SDRAM_Init
 .text.FMC_SDRAM_Timing_Init
                0x0800bf58       0x98 ../../libDaisy//build\libdaisy.a(stm32h7xx_ll_fmc.o)
                0x0800bf58                FMC_SDRAM_Timing_Init
 .text.FMC_SDRAM_SendCommand
                0x0800bff0       0x28 ../../libDaisy//build\libdaisy.a(stm32h7xx_ll_fmc.o)
                0x0800bff0                FMC_SDRAM_SendCommand
 .text.FMC_SDRAM_ProgramRefreshRate
                0x0800c018       0x1c ../../libDaisy//build\libdaisy.a(stm32h7xx_ll_fmc.o)
                0x0800c018                FMC_SDRAM_ProgramRefreshRate
 .text.USB_CoreInit
                0x0800c034      0x124 ../../libDaisy//build\libdaisy.a(stm32h7xx_ll_usb.o)
                0x0800c034                USB_CoreInit
 .text.USB_SetTurnaroundTime
                0x0800c158      0x104 ../../libDaisy//build\libdaisy.a(stm32h7xx_ll_usb.o)
                0x0800c158                USB_SetTurnaroundTime
 .text.USB_EnableGlobalInt
                0x0800c25c       0x10 ../../libDaisy//build\libdaisy.a(stm32h7xx_ll_usb.o)
                0x0800c25c                USB_EnableGlobalInt
 .text.USB_DisableGlobalInt
                0x0800c26c       0x10 ../../libDaisy//build\libdaisy.a(stm32h7xx_ll_usb.o)
                0x0800c26c                USB_DisableGlobalInt
 .text.USB_SetCurrentMode
                0x0800c27c       0x30 ../../libDaisy//build\libdaisy.a(stm32h7xx_ll_usb.o)
                0x0800c27c                USB_SetCurrentMode
 .text.USB_DevInit
                0x0800c2ac      0x20c ../../libDaisy//build\libdaisy.a(stm32h7xx_ll_usb.o)
                0x0800c2ac                USB_DevInit
 .text.USB_FlushTxFifo
                0x0800c4b8       0x34 ../../libDaisy//build\libdaisy.a(stm32h7xx_ll_usb.o)
                0x0800c4b8                USB_FlushTxFifo
 .text.USB_GetDevSpeed
                0x0800c4ec       0x24 ../../libDaisy//build\libdaisy.a(stm32h7xx_ll_usb.o)
                0x0800c4ec                USB_GetDevSpeed
 .text.USB_ActivateEndpoint
                0x0800c510       0x90 ../../libDaisy//build\libdaisy.a(stm32h7xx_ll_usb.o)
                0x0800c510                USB_ActivateEndpoint
 .text.USB_DeactivateEndpoint
                0x0800c5a0       0x84 ../../libDaisy//build\libdaisy.a(stm32h7xx_ll_usb.o)
                0x0800c5a0                USB_DeactivateEndpoint
 .text.USB_EPStartXfer
                0x0800c624      0x230 ../../libDaisy//build\libdaisy.a(stm32h7xx_ll_usb.o)
                0x0800c624                USB_EPStartXfer
 .text.USB_EP0StartXfer
                0x0800c854      0x174 ../../libDaisy//build\libdaisy.a(stm32h7xx_ll_usb.o)
                0x0800c854                USB_EP0StartXfer
 .text.USB_WritePacket
                0x0800c9c8       0x2c ../../libDaisy//build\libdaisy.a(stm32h7xx_ll_usb.o)
                0x0800c9c8                USB_WritePacket
 .text.USB_ReadPacket
                0x0800c9f4       0x20 ../../libDaisy//build\libdaisy.a(stm32h7xx_ll_usb.o)
                0x0800c9f4                USB_ReadPacket
 .text.USB_EPSetStall
                0x0800ca14       0x68 ../../libDaisy//build\libdaisy.a(stm32h7xx_ll_usb.o)
                0x0800ca14                USB_EPSetStall
 .text.USB_EPClearStall
                0x0800ca7c       0x58 ../../libDaisy//build\libdaisy.a(stm32h7xx_ll_usb.o)
                0x0800ca7c                USB_EPClearStall
 .text.USB_SetDevAddress
                0x0800cad4       0x24 ../../libDaisy//build\libdaisy.a(stm32h7xx_ll_usb.o)
                0x0800cad4                USB_SetDevAddress
 .text.USB_DevConnect
                0x0800caf8       0x1c ../../libDaisy//build\libdaisy.a(stm32h7xx_ll_usb.o)
                0x0800caf8                USB_DevConnect
 .text.USB_DevDisconnect
                0x0800cb14       0x1c ../../libDaisy//build\libdaisy.a(stm32h7xx_ll_usb.o)
                0x0800cb14                USB_DevDisconnect
 .text.USB_ReadInterrupts
                0x0800cb30       0x14 ../../libDaisy//build\libdaisy.a(stm32h7xx_ll_usb.o)
                0x0800cb30                USB_ReadInterrupts
 .text.USB_ReadDevAllOutEpInterrupt
                0x0800cb44       0x1c ../../libDaisy//build\libdaisy.a(stm32h7xx_ll_usb.o)
                0x0800cb44                USB_ReadDevAllOutEpInterrupt
 .text.USB_ReadDevAllInEpInterrupt
                0x0800cb60       0x1c ../../libDaisy//build\libdaisy.a(stm32h7xx_ll_usb.o)
                0x0800cb60                USB_ReadDevAllInEpInterrupt
 .text.USB_ReadDevOutEPInterrupt
                0x0800cb7c       0x1c ../../libDaisy//build\libdaisy.a(stm32h7xx_ll_usb.o)
                0x0800cb7c                USB_ReadDevOutEPInterrupt
 .text.USB_ReadDevInEPInterrupt
                0x0800cb98       0x38 ../../libDaisy//build\libdaisy.a(stm32h7xx_ll_usb.o)
                0x0800cb98                USB_ReadDevInEPInterrupt
 .text.USB_GetMode
                0x0800cbd0        0x8 ../../libDaisy//build\libdaisy.a(stm32h7xx_ll_usb.o)
                0x0800cbd0                USB_GetMode
 .text.USB_ActivateSetup
                0x0800cbd8       0x38 ../../libDaisy//build\libdaisy.a(stm32h7xx_ll_usb.o)
                0x0800cbd8                USB_ActivateSetup
 .text.USB_EP0_OutStart
                0x0800cc10       0x58 ../../libDaisy//build\libdaisy.a(stm32h7xx_ll_usb.o)
                0x0800cc10                USB_EP0_OutStart
 .text.USB_InitFSLSPClkSel
                0x0800cc68       0x44 ../../libDaisy//build\libdaisy.a(stm32h7xx_ll_usb.o)
                0x0800cc68                USB_InitFSLSPClkSel
 .text.USB_HC_ReadInterrupt
                0x0800ccac        0x8 ../../libDaisy//build\libdaisy.a(stm32h7xx_ll_usb.o)
                0x0800ccac                USB_HC_ReadInterrupt
 .text.USB_HC_Halt
                0x0800ccb4       0xc0 ../../libDaisy//build\libdaisy.a(stm32h7xx_ll_usb.o)
                0x0800ccb4                USB_HC_Halt
 .text.USB_StopHost
                0x0800cd74      0x2ec ../../libDaisy//build\libdaisy.a(stm32h7xx_ll_usb.o)
                0x0800cd74                USB_StopHost
 .text.USBD_CDC_EP0_RxReady
                0x0800d060       0x2c ../../libDaisy//build\libdaisy.a(usbd_cdc.o)
 .text.USBD_CDC_GetFSCfgDesc
                0x0800d08c       0x24 ../../libDaisy//build\libdaisy.a(usbd_cdc.o)
 .text.USBD_CDC_GetHSCfgDesc
                0x0800d0b0       0x24 ../../libDaisy//build\libdaisy.a(usbd_cdc.o)
 .text.USBD_CDC_GetOtherSpeedCfgDesc
                0x0800d0d4       0x24 ../../libDaisy//build\libdaisy.a(usbd_cdc.o)
 .text.USBD_CDC_GetDeviceQualifierDescriptor
                0x0800d0f8       0x10 ../../libDaisy//build\libdaisy.a(usbd_cdc.o)
                0x0800d0f8                USBD_CDC_GetDeviceQualifierDescriptor
 .text.USBD_CDC_DataOut
                0x0800d108       0x30 ../../libDaisy//build\libdaisy.a(usbd_cdc.o)
 .text.USBD_CDC_DataIn
                0x0800d138       0x50 ../../libDaisy//build\libdaisy.a(usbd_cdc.o)
 .text.USBD_CDC_Setup
                0x0800d188       0xcc ../../libDaisy//build\libdaisy.a(usbd_cdc.o)
 .text.USBD_CDC_DeInit
                0x0800d254       0x44 ../../libDaisy//build\libdaisy.a(usbd_cdc.o)
 .text.USBD_CDC_Init
                0x0800d298       0x94 ../../libDaisy//build\libdaisy.a(usbd_cdc.o)
 .text.USBD_CDC_RegisterInterface
                0x0800d32c       0x10 ../../libDaisy//build\libdaisy.a(usbd_cdc.o)
                0x0800d32c                USBD_CDC_RegisterInterface
 .text.USBD_CDC_SetTxBuffer
                0x0800d33c       0x14 ../../libDaisy//build\libdaisy.a(usbd_cdc.o)
                0x0800d33c                USBD_CDC_SetTxBuffer
 .text.USBD_CDC_SetRxBuffer
                0x0800d350       0x10 ../../libDaisy//build\libdaisy.a(usbd_cdc.o)
                0x0800d350                USBD_CDC_SetRxBuffer
 .text.USBD_CDC_TransmitPacket
                0x0800d360       0x34 ../../libDaisy//build\libdaisy.a(usbd_cdc.o)
                0x0800d360                USBD_CDC_TransmitPacket
 .text.USBD_CDC_ReceivePacket
                0x0800d394       0x38 ../../libDaisy//build\libdaisy.a(usbd_cdc.o)
                0x0800d394                USBD_CDC_ReceivePacket
 .text.USBD_Init
                0x0800d3cc       0x44 ../../libDaisy//build\libdaisy.a(usbd_core.o)
                0x0800d3cc                USBD_Init
 .text.USBD_RegisterClass
                0x0800d410       0x2c ../../libDaisy//build\libdaisy.a(usbd_core.o)
                0x0800d410                USBD_RegisterClass
 .text.USBD_Start
                0x0800d43c        0xc ../../libDaisy//build\libdaisy.a(usbd_core.o)
                0x0800d43c                USBD_Start
 .text.USBD_SetClassConfig
                0x0800d448       0x14 ../../libDaisy//build\libdaisy.a(usbd_core.o)
                0x0800d448                USBD_SetClassConfig
 .text.USBD_ClrClassConfig
                0x0800d45c       0x10 ../../libDaisy//build\libdaisy.a(usbd_core.o)
                0x0800d45c                USBD_ClrClassConfig
 .text.USBD_LL_SetupStage
                0x0800d46c       0x5c ../../libDaisy//build\libdaisy.a(usbd_core.o)
                0x0800d46c                USBD_LL_SetupStage
 .text.USBD_LL_DataOutStage
                0x0800d4c8       0x7c ../../libDaisy//build\libdaisy.a(usbd_core.o)
                0x0800d4c8                USBD_LL_DataOutStage
 .text.USBD_LL_DataInStage
                0x0800d544       0xcc ../../libDaisy//build\libdaisy.a(usbd_core.o)
                0x0800d544                USBD_LL_DataInStage
 .text.USBD_LL_Reset
                0x0800d610       0x50 ../../libDaisy//build\libdaisy.a(usbd_core.o)
                0x0800d610                USBD_LL_Reset
 .text.USBD_LL_SetSpeed
                0x0800d660        0x8 ../../libDaisy//build\libdaisy.a(usbd_core.o)
                0x0800d660                USBD_LL_SetSpeed
 .text.USBD_LL_Suspend
                0x0800d668       0x14 ../../libDaisy//build\libdaisy.a(usbd_core.o)
                0x0800d668                USBD_LL_Suspend
 .text.USBD_LL_Resume
                0x0800d67c       0x10 ../../libDaisy//build\libdaisy.a(usbd_core.o)
                0x0800d67c                USBD_LL_Resume
 .text.USBD_LL_SOF
                0x0800d68c       0x1c ../../libDaisy//build\libdaisy.a(usbd_core.o)
                0x0800d68c                USBD_LL_SOF
 .text.USBD_LL_IsoINIncomplete
                0x0800d6a8        0x4 ../../libDaisy//build\libdaisy.a(usbd_core.o)
                0x0800d6a8                USBD_LL_IsoINIncomplete
 .text.USBD_LL_IsoOUTIncomplete
                0x0800d6ac        0x4 ../../libDaisy//build\libdaisy.a(usbd_core.o)
                0x0800d6ac                USBD_LL_IsoOUTIncomplete
 .text.USBD_LL_DevConnected
                0x0800d6b0        0x4 ../../libDaisy//build\libdaisy.a(usbd_core.o)
                0x0800d6b0                USBD_LL_DevConnected
 .text.USBD_LL_DevDisconnected
                0x0800d6b4       0x18 ../../libDaisy//build\libdaisy.a(usbd_core.o)
                0x0800d6b4                USBD_LL_DevDisconnected
 .text.USBD_StdDevReq
                0x0800d6cc      0x304 ../../libDaisy//build\libdaisy.a(usbd_ctlreq.o)
                0x0800d6cc                USBD_StdDevReq
 .text.USBD_StdItfReq
                0x0800d9d0       0x68 ../../libDaisy//build\libdaisy.a(usbd_ctlreq.o)
                0x0800d9d0                USBD_StdItfReq
 .text.USBD_StdEPReq
                0x0800da38      0x13c ../../libDaisy//build\libdaisy.a(usbd_ctlreq.o)
                0x0800da38                USBD_StdEPReq
 .text.USBD_ParseSetupRequest
                0x0800db74       0x28 ../../libDaisy//build\libdaisy.a(usbd_ctlreq.o)
                0x0800db74                USBD_ParseSetupRequest
 .text.USBD_CtlError
                0x0800db9c       0x18 ../../libDaisy//build\libdaisy.a(usbd_ctlreq.o)
                0x0800db9c                USBD_CtlError
 .text.USBD_GetString
                0x0800dbb4       0x54 ../../libDaisy//build\libdaisy.a(usbd_ctlreq.o)
                0x0800dbb4                USBD_GetString
 .text.USBD_CtlSendData
                0x0800dc08       0x1c ../../libDaisy//build\libdaisy.a(usbd_ioreq.o)
                0x0800dc08                USBD_CtlSendData
 .text.USBD_CtlContinueSendData
                0x0800dc24       0x14 ../../libDaisy//build\libdaisy.a(usbd_ioreq.o)
                0x0800dc24                USBD_CtlContinueSendData
 .text.USBD_CtlPrepareRx
                0x0800dc38       0x1c ../../libDaisy//build\libdaisy.a(usbd_ioreq.o)
                0x0800dc38                USBD_CtlPrepareRx
 .text.USBD_CtlContinueRx
                0x0800dc54       0x14 ../../libDaisy//build\libdaisy.a(usbd_ioreq.o)
                0x0800dc54                USBD_CtlContinueRx
 .text.USBD_CtlSendStatus
                0x0800dc68       0x18 ../../libDaisy//build\libdaisy.a(usbd_ioreq.o)
                0x0800dc68                USBD_CtlSendStatus
 .text.USBD_CtlReceiveStatus
                0x0800dc80       0x18 ../../libDaisy//build\libdaisy.a(usbd_ioreq.o)
                0x0800dc80                USBD_CtlReceiveStatus
 .text.USBH_LL_IncTimer
                0x0800dc98       0x20 ../../libDaisy//build\libdaisy.a(usbh_core.o)
                0x0800dc98                USBH_LL_IncTimer
 .text.USBH_LL_PortEnabled
                0x0800dcb8        0x8 ../../libDaisy//build\libdaisy.a(usbh_core.o)
                0x0800dcb8                USBH_LL_PortEnabled
 .text.USBH_LL_PortDisabled
                0x0800dcc0        0x8 ../../libDaisy//build\libdaisy.a(usbh_core.o)
                0x0800dcc0                USBH_LL_PortDisabled
 .text.USBH_LL_Connect
                0x0800dcc8       0x18 ../../libDaisy//build\libdaisy.a(usbh_core.o)
                0x0800dcc8                USBH_LL_Connect
 .text.USBH_LL_Disconnect
                0x0800dce0       0x2c ../../libDaisy//build\libdaisy.a(usbh_core.o)
                0x0800dce0                USBH_LL_Disconnect
 .text.USBH_FreePipe
                0x0800dd0c       0x18 ../../libDaisy//build\libdaisy.a(usbh_pipes.o)
                0x0800dd0c                USBH_FreePipe
 .text._ZN5daisy6Random4InitEv
                0x0800dd24       0x3c ../../libDaisy//build\libdaisy.a(rng.o)
                0x0800dd24                daisy::Random::Init()
 .text._ZN5daisy9SpiHandle4Impl7InitDmaEv
                0x0800dd60       0xec ../../libDaisy//build\libdaisy.a(spi.o)
                0x0800dd60                daisy::SpiHandle::Impl::InitDma()
 .text._ZN5daisy9SpiHandle4Impl10StartDmaTxEPhjPFvPvEPFvS3_NS0_6ResultEES3_
                0x0800de4c       0xc8 ../../libDaisy//build\libdaisy.a(spi.o)
                0x0800de4c                daisy::SpiHandle::Impl::StartDmaTx(unsigned char*, unsigned int, void (*)(void*), void (*)(void*, daisy::SpiHandle::Result), void*)
 .text._ZN5daisy9SpiHandle4Impl10StartDmaRxEPhjPFvPvEPFvS3_NS0_6ResultEES3_
                0x0800df14       0xc8 ../../libDaisy//build\libdaisy.a(spi.o)
                0x0800df14                daisy::SpiHandle::Impl::StartDmaRx(unsigned char*, unsigned int, void (*)(void*), void (*)(void*, daisy::SpiHandle::Result), void*)
 .text._ZN5daisy9SpiHandle4Impl12StartDmaRxTxEPhS2_jPFvPvEPFvS3_NS0_6ResultEES3_
                0x0800dfdc       0xcc ../../libDaisy//build\libdaisy.a(spi.o)
                0x0800dfdc                daisy::SpiHandle::Impl::StartDmaRxTx(unsigned char*, unsigned char*, unsigned int, void (*)(void*), void (*)(void*, daisy::SpiHandle::Result), void*)
 .text._ZN5daisy9SpiHandle4Impl8InitPinsEv
                0x0800e0a8      0x274 ../../libDaisy//build\libdaisy.a(spi.o)
                0x0800e0a8                daisy::SpiHandle::Impl::InitPins()
 .text.HAL_SPI_MspInit
                0x0800e31c      0x1a8 ../../libDaisy//build\libdaisy.a(spi.o)
                0x0800e31c                HAL_SPI_MspInit
 .text.dsy_spi_global_init
                0x0800e4c4       0x80 ../../libDaisy//build\libdaisy.a(spi.o)
                0x0800e4c4                dsy_spi_global_init
 .text.SPI1_IRQHandler
                0x0800e544        0xc ../../libDaisy//build\libdaisy.a(spi.o)
                0x0800e544                SPI1_IRQHandler
 .text.SPI2_IRQHandler
                0x0800e550        0xc ../../libDaisy//build\libdaisy.a(spi.o)
                0x0800e550                SPI2_IRQHandler
 .text.SPI3_IRQHandler
                0x0800e55c        0xc ../../libDaisy//build\libdaisy.a(spi.o)
                0x0800e55c                SPI3_IRQHandler
 .text.SPI4_IRQHandler
                0x0800e568        0xc ../../libDaisy//build\libdaisy.a(spi.o)
                0x0800e568                SPI4_IRQHandler
 .text.SPI5_IRQHandler
                0x0800e574        0xc ../../libDaisy//build\libdaisy.a(spi.o)
                0x0800e574                SPI5_IRQHandler
 .text.DMA2_Stream2_IRQHandler
                0x0800e580       0x34 ../../libDaisy//build\libdaisy.a(spi.o)
                0x0800e580                DMA2_Stream2_IRQHandler
 .text.DMA2_Stream3_IRQHandler
                0x0800e5b4       0x38 ../../libDaisy//build\libdaisy.a(spi.o)
                0x0800e5b4                DMA2_Stream3_IRQHandler
 .text.HAL_SPI_TxCpltCallback
                0x0800e5ec       0xc4 ../../libDaisy//build\libdaisy.a(spi.o)
                0x0800e5ec                HAL_SPI_TxCpltCallback
 .text.HAL_SPI_RxCpltCallback
                0x0800e6b0       0xc4 ../../libDaisy//build\libdaisy.a(spi.o)
                0x0800e6b0                HAL_SPI_RxCpltCallback
 .text.HAL_SPI_TxRxCpltCallback
                0x0800e774       0xc4 ../../libDaisy//build\libdaisy.a(spi.o)
                0x0800e774                HAL_SPI_TxRxCpltCallback
 .text.HAL_SPI_ErrorCallback
                0x0800e838       0xc8 ../../libDaisy//build\libdaisy.a(spi.o)
                0x0800e838                HAL_SPI_ErrorCallback
 .text.startup._GLOBAL__sub_I__Z19MapInstanceToHandleP11SPI_TypeDef
                0x0800e900      0x1b0 ../../libDaisy//build\libdaisy.a(spi.o)
 .text.HAL_TIM_Base_MspInit
                0x0800eab0      0x1e0 ../../libDaisy//build\libdaisy.a(tim.o)
                0x0800eab0                HAL_TIM_Base_MspInit
 .text.HAL_TIM_PeriodElapsedCallback
                0x0800ec90       0x44 ../../libDaisy//build\libdaisy.a(tim.o)
                0x0800ec90                HAL_TIM_PeriodElapsedCallback
 .text.TIM2_IRQHandler
                0x0800ecd4        0xc ../../libDaisy//build\libdaisy.a(tim.o)
                0x0800ecd4                TIM2_IRQHandler
 .text.TIM3_IRQHandler
                0x0800ece0        0xc ../../libDaisy//build\libdaisy.a(tim.o)
                0x0800ece0                TIM3_IRQHandler
 .text.TIM4_IRQHandler
                0x0800ecec        0xc ../../libDaisy//build\libdaisy.a(tim.o)
                0x0800ecec                TIM4_IRQHandler
 .text.TIM5_IRQHandler
                0x0800ecf8        0xc ../../libDaisy//build\libdaisy.a(tim.o)
                0x0800ecf8                TIM5_IRQHandler
 .text._ZN5daisy11TimerHandle4InitERKNS0_6ConfigE
                0x0800ed04       0xd0 ../../libDaisy//build\libdaisy.a(tim.o)
                0x0800ed04                daisy::TimerHandle::Init(daisy::TimerHandle::Config const&)
 .text._ZN5daisy11TimerHandle5StartEv
                0x0800edd4       0x24 ../../libDaisy//build\libdaisy.a(tim.o)
                0x0800edd4                daisy::TimerHandle::Start()
 .text.startup._GLOBAL__sub_I__ZN5daisy11TimerHandle4Impl4InitERKNS0_6ConfigE
                0x0800edf8       0x38 ../../libDaisy//build\libdaisy.a(tim.o)
 .text._ZL20UART_CheckRxListenerPN5daisy11UartHandler4ImplE
                0x0800ee30       0x84 ../../libDaisy//build\libdaisy.a(uart.o)
 .text._ZN5daisy11UartHandler4Impl10StartDmaTxEPhjPFvPvEPFvS3_NS0_6ResultEES3_
                0x0800eeb4      0x184 ../../libDaisy//build\libdaisy.a(uart.o)
                0x0800eeb4                daisy::UartHandler::Impl::StartDmaTx(unsigned char*, unsigned int, void (*)(void*), void (*)(void*, daisy::UartHandler::Result), void*)
 .text._ZN5daisy11UartHandler4Impl10StartDmaRxEPhjPFvPvEPFvS3_NS0_6ResultEES3_
                0x0800f038      0x184 ../../libDaisy//build\libdaisy.a(uart.o)
                0x0800f038                daisy::UartHandler::Impl::StartDmaRx(unsigned char*, unsigned int, void (*)(void*), void (*)(void*, daisy::UartHandler::Result), void*)
 .text._ZN5daisy11UartHandler4Impl19DmaTransferFinishedEP20__UART_HandleTypeDefNS0_6ResultE
                0x0800f1bc       0xc0 ../../libDaisy//build\libdaisy.a(uart.o)
                0x0800f1bc                daisy::UartHandler::Impl::DmaTransferFinished(__UART_HandleTypeDef*, daisy::UartHandler::Result)
 .text._ZN5daisy11UartHandler4Impl8InitPinsEv
                0x0800f27c      0x154 ../../libDaisy//build\libdaisy.a(uart.o)
                0x0800f27c                daisy::UartHandler::Impl::InitPins()
 .text.HAL_UART_MspInit
                0x0800f3d0      0x210 ../../libDaisy//build\libdaisy.a(uart.o)
                0x0800f3d0                HAL_UART_MspInit
 .text.dsy_uart_global_init
                0x0800f5e0      0x110 ../../libDaisy//build\libdaisy.a(uart.o)
                0x0800f5e0                dsy_uart_global_init
 .text.USART1_IRQHandler
                0x0800f6f0       0x2c ../../libDaisy//build\libdaisy.a(uart.o)
                0x0800f6f0                USART1_IRQHandler
 .text.USART2_IRQHandler
                0x0800f71c       0x34 ../../libDaisy//build\libdaisy.a(uart.o)
                0x0800f71c                USART2_IRQHandler
 .text.USART3_IRQHandler
                0x0800f750       0x34 ../../libDaisy//build\libdaisy.a(uart.o)
                0x0800f750                USART3_IRQHandler
 .text.UART4_IRQHandler
                0x0800f784       0x34 ../../libDaisy//build\libdaisy.a(uart.o)
                0x0800f784                UART4_IRQHandler
 .text.UART5_IRQHandler
                0x0800f7b8       0x34 ../../libDaisy//build\libdaisy.a(uart.o)
                0x0800f7b8                UART5_IRQHandler
 .text.USART6_IRQHandler
                0x0800f7ec       0x34 ../../libDaisy//build\libdaisy.a(uart.o)
                0x0800f7ec                USART6_IRQHandler
 .text.UART7_IRQHandler
                0x0800f820       0x34 ../../libDaisy//build\libdaisy.a(uart.o)
                0x0800f820                UART7_IRQHandler
 .text.UART8_IRQHandler
                0x0800f854       0x34 ../../libDaisy//build\libdaisy.a(uart.o)
                0x0800f854                UART8_IRQHandler
 .text.LPUART1_IRQHandler
                0x0800f888       0x34 ../../libDaisy//build\libdaisy.a(uart.o)
                0x0800f888                LPUART1_IRQHandler
 .text.DMA1_Stream5_IRQHandler
                0x0800f8bc       0x34 ../../libDaisy//build\libdaisy.a(uart.o)
                0x0800f8bc                DMA1_Stream5_IRQHandler
 .text.DMA2_Stream4_IRQHandler
                0x0800f8f0       0x38 ../../libDaisy//build\libdaisy.a(uart.o)
                0x0800f8f0                DMA2_Stream4_IRQHandler
 .text.HAL_UART_TxCpltCallback
                0x0800f928        0x8 ../../libDaisy//build\libdaisy.a(uart.o)
                0x0800f928                HAL_UART_TxCpltCallback
 .text.HAL_UART_RxCpltCallback
                0x0800f930       0x94 ../../libDaisy//build\libdaisy.a(uart.o)
                0x0800f930                HAL_UART_RxCpltCallback
 .text.HAL_UART_RxHalfCpltCallback
                0x0800f9c4       0x90 ../../libDaisy//build\libdaisy.a(uart.o)
                0x0800f9c4                HAL_UART_RxHalfCpltCallback
 .text.HAL_UART_ErrorCallback
                0x0800fa54        0x8 ../../libDaisy//build\libdaisy.a(uart.o)
                0x0800fa54                HAL_UART_ErrorCallback
 .text.startup._GLOBAL__sub_I__Z19MapInstanceToHandleP13USART_TypeDef
                0x0800fa5c      0x194 ../../libDaisy//build\libdaisy.a(uart.o)
 .text.dsy_dma_init
                0x0800fbf0      0x100 ../../libDaisy//build\libdaisy.a(dma.o)
                0x0800fbf0                dsy_dma_init
 .text.dsy_dma_invalidate_cache_for_buffer
                0x0800fcf0       0x2c ../../libDaisy//build\libdaisy.a(dma.o)
                0x0800fcf0                dsy_dma_invalidate_cache_for_buffer
 .text.HAL_MDMA_Abort_IT
                0x0800fd1c       0x2c ../../libDaisy//build\libdaisy.a(stm32h7xx_hal_mdma.o)
                0x0800fd1c                HAL_MDMA_Abort_IT
 .text.SPI_CloseTransfer
                0x0800fd48       0xb8 ../../libDaisy//build\libdaisy.a(stm32h7xx_hal_spi.o)
 .text.HAL_SPI_Init
                0x0800fe00      0x15c ../../libDaisy//build\libdaisy.a(stm32h7xx_hal_spi.o)
                0x0800fe00                HAL_SPI_Init
 .text.HAL_SPI_Transmit_DMA
                0x0800ff5c      0x170 ../../libDaisy//build\libdaisy.a(stm32h7xx_hal_spi.o)
                0x0800ff5c                HAL_SPI_Transmit_DMA
 .text.HAL_SPI_TransmitReceive_DMA
                0x080100cc      0x218 ../../libDaisy//build\libdaisy.a(stm32h7xx_hal_spi.o)
                0x080100cc                HAL_SPI_TransmitReceive_DMA
 .text.HAL_SPI_Receive_DMA
                0x080102e4      0x1b4 ../../libDaisy//build\libdaisy.a(stm32h7xx_hal_spi.o)
                0x080102e4                HAL_SPI_Receive_DMA
 .text.SPI_DMATransmitCplt
                0x08010498       0x28 ../../libDaisy//build\libdaisy.a(stm32h7xx_hal_spi.o)
 .text.SPI_DMAReceiveCplt
                0x080104c0       0x28 ../../libDaisy//build\libdaisy.a(stm32h7xx_hal_spi.o)
 .text.SPI_DMATransmitReceiveCplt
                0x080104e8       0x28 ../../libDaisy//build\libdaisy.a(stm32h7xx_hal_spi.o)
 .text.HAL_SPI_TxHalfCpltCallback
                0x08010510        0x4 ../../libDaisy//build\libdaisy.a(stm32h7xx_hal_spi.o)
                0x08010510                HAL_SPI_TxHalfCpltCallback
 .text.SPI_DMAHalfTransmitCplt
                0x08010514        0xc ../../libDaisy//build\libdaisy.a(stm32h7xx_hal_spi.o)
 .text.HAL_SPI_RxHalfCpltCallback
                0x08010520        0x4 ../../libDaisy//build\libdaisy.a(stm32h7xx_hal_spi.o)
                0x08010520                HAL_SPI_RxHalfCpltCallback
 .text.SPI_DMAHalfReceiveCplt
                0x08010524        0xc ../../libDaisy//build\libdaisy.a(stm32h7xx_hal_spi.o)
 .text.HAL_SPI_TxRxHalfCpltCallback
                0x08010530        0x4 ../../libDaisy//build\libdaisy.a(stm32h7xx_hal_spi.o)
                0x08010530                HAL_SPI_TxRxHalfCpltCallback
 .text.SPI_DMAHalfTransmitReceiveCplt
                0x08010534        0xc ../../libDaisy//build\libdaisy.a(stm32h7xx_hal_spi.o)
 .text.SPI_DMAError
                0x08010540       0xd8 ../../libDaisy//build\libdaisy.a(stm32h7xx_hal_spi.o)
 .text.HAL_SPI_IRQHandler
                0x08010618      0x23c ../../libDaisy//build\libdaisy.a(stm32h7xx_hal_spi.o)
                0x08010618                HAL_SPI_IRQHandler
 .text.SPI_DMAAbortOnError
                0x08010854       0x1c ../../libDaisy//build\libdaisy.a(stm32h7xx_hal_spi.o)
 .text.HAL_SPI_GetState
                0x08010870        0x8 ../../libDaisy//build\libdaisy.a(stm32h7xx_hal_spi.o)
                0x08010870                HAL_SPI_GetState
 .text.HAL_TIM_Base_Init
                0x08010878      0x140 ../../libDaisy//build\libdaisy.a(stm32h7xx_hal_tim.o)
                0x08010878                HAL_TIM_Base_Init
 .text.HAL_TIM_Base_Start
                0x080109b8       0x34 ../../libDaisy//build\libdaisy.a(stm32h7xx_hal_tim.o)
                0x080109b8                HAL_TIM_Base_Start
 .text.HAL_TIM_Base_Start_IT
                0x080109ec       0x2c ../../libDaisy//build\libdaisy.a(stm32h7xx_hal_tim.o)
                0x080109ec                HAL_TIM_Base_Start_IT
 .text.HAL_TIM_ConfigClockSource
                0x08010a18      0x17c ../../libDaisy//build\libdaisy.a(stm32h7xx_hal_tim.o)
                0x08010a18                HAL_TIM_ConfigClockSource
 .text.HAL_TIM_OC_DelayElapsedCallback
                0x08010b94        0x4 ../../libDaisy//build\libdaisy.a(stm32h7xx_hal_tim.o)
                0x08010b94                HAL_TIM_OC_DelayElapsedCallback
 .text.HAL_TIM_IC_CaptureCallback
                0x08010b98        0x4 ../../libDaisy//build\libdaisy.a(stm32h7xx_hal_tim.o)
                0x08010b98                HAL_TIM_IC_CaptureCallback
 .text.HAL_TIM_PWM_PulseFinishedCallback
                0x08010b9c        0x4 ../../libDaisy//build\libdaisy.a(stm32h7xx_hal_tim.o)
                0x08010b9c                HAL_TIM_PWM_PulseFinishedCallback
 .text.HAL_TIM_TriggerCallback
                0x08010ba0        0x4 ../../libDaisy//build\libdaisy.a(stm32h7xx_hal_tim.o)
                0x08010ba0                HAL_TIM_TriggerCallback
 .text.HAL_TIM_IRQHandler
                0x08010ba4      0x170 ../../libDaisy//build\libdaisy.a(stm32h7xx_hal_tim.o)
                0x08010ba4                HAL_TIM_IRQHandler
 .text.HAL_TIMEx_MasterConfigSynchronization
                0x08010d14       0x64 ../../libDaisy//build\libdaisy.a(stm32h7xx_hal_tim_ex.o)
                0x08010d14                HAL_TIMEx_MasterConfigSynchronization
 .text.HAL_TIMEx_CommutCallback
                0x08010d78        0x4 ../../libDaisy//build\libdaisy.a(stm32h7xx_hal_tim_ex.o)
                0x08010d78                HAL_TIMEx_CommutCallback
 .text.HAL_TIMEx_BreakCallback
                0x08010d7c        0x4 ../../libDaisy//build\libdaisy.a(stm32h7xx_hal_tim_ex.o)
                0x08010d7c                HAL_TIMEx_BreakCallback
 .text.HAL_TIMEx_Break2Callback
                0x08010d80        0x4 ../../libDaisy//build\libdaisy.a(stm32h7xx_hal_tim_ex.o)
                0x08010d80                HAL_TIMEx_Break2Callback
 .text.HAL_UART_Transmit_DMA
                0x08010d84       0xa4 ../../libDaisy//build\libdaisy.a(stm32h7xx_hal_uart.o)
                0x08010d84                HAL_UART_Transmit_DMA
 .text.HAL_UART_Receive_DMA
                0x08010e28       0xac ../../libDaisy//build\libdaisy.a(stm32h7xx_hal_uart.o)
                0x08010e28                HAL_UART_Receive_DMA
 .text.UART_DMATransmitCplt
                0x08010ed4       0x2c ../../libDaisy//build\libdaisy.a(stm32h7xx_hal_uart.o)
 .text.HAL_UART_TxHalfCpltCallback
                0x08010f00        0x4 ../../libDaisy//build\libdaisy.a(stm32h7xx_hal_uart.o)
                0x08010f00                HAL_UART_TxHalfCpltCallback
 .text.UART_DMATxHalfCplt
                0x08010f04        0xc ../../libDaisy//build\libdaisy.a(stm32h7xx_hal_uart.o)
 .text.UART_DMAReceiveCplt
                0x08010f10       0x38 ../../libDaisy//build\libdaisy.a(stm32h7xx_hal_uart.o)
 .text.UART_DMARxHalfCplt
                0x08010f48        0xc ../../libDaisy//build\libdaisy.a(stm32h7xx_hal_uart.o)
 .text.UART_DMAError
                0x08010f54       0x78 ../../libDaisy//build\libdaisy.a(stm32h7xx_hal_uart.o)
 .text.HAL_UART_IRQHandler
                0x08010fcc      0x1d0 ../../libDaisy//build\libdaisy.a(stm32h7xx_hal_uart.o)
                0x08010fcc                HAL_UART_IRQHandler
 .text.UART_DMAAbortOnError
                0x0801119c       0x14 ../../libDaisy//build\libdaisy.a(stm32h7xx_hal_uart.o)
 .text.HAL_UART_GetState
                0x080111b0        0xc ../../libDaisy//build\libdaisy.a(stm32h7xx_hal_uart.o)
                0x080111b0                HAL_UART_GetState
 .text.UART_SetConfig
                0x080111bc     0x14b8 ../../libDaisy//build\libdaisy.a(stm32h7xx_hal_uart.o)
                0x080111bc                UART_SetConfig
 .text.UART_AdvFeatureConfig
                0x08012674       0xb0 ../../libDaisy//build\libdaisy.a(stm32h7xx_hal_uart.o)
                0x08012674                UART_AdvFeatureConfig
 .text.UART_CheckIdleState
                0x08012724       0x84 ../../libDaisy//build\libdaisy.a(stm32h7xx_hal_uart.o)